189.113.48.245 - - [04/Aug/2018:20:14:46 -0400] "GET /img/bg-mobile.jpg HTTP/1.1" 200 106447 "https://www.pandeco.com.br/css/responsivo.css" "Mozilla/5.0 (Windows NT 10.0; Win64; x64) AppleWebKit/537.36 (KHTML, like Gecko) Chrome/68.0.3440.84 Safari/537.36"
189.113.48.245 - - [04/Aug/2018:20:14:47 -0400] "GET /favicon.ico HTTP/1.1" 404 568 "https://www.pandeco.com.br/" "Mozilla/5.0 (Windows NT 10.0; Win64; x64) AppleWebKit/537.36 (KHTML, like Gecko) Chrome/68.0.3440.84 Safari/537.36"
189.113.48.245 - - [04/Aug/2018:20:14:48 -0400] "GET /img/bg.jpg HTTP/1.1" 200 183812 "https://www.pandeco.com.br/css/style.css" "Mozilla/5.0 (Windows NT 10.0; Win64; x64) AppleWebKit/537.36 (KHTML, like Gecko) Chrome/68.0.3440.84 Safari/537.36"
189.113.48.245 - - [04/Aug/2018:20:15:09 -0400] "GET /desenvolvimento.html HTTP/1.1" 200 1650 "https://www.pandeco.com.br/" "Mozilla/5.0 (Windows NT 10.0; Win64; x64) AppleWebKit/537.36 (KHTML, like Gecko) Chrome/68.0.3440.84 Safari/537.36"
189.113.48.245 - - [04/Aug/2018:20:15:09 -0400] "GET /css/contato.css HTTP/1.1" 200 996 "https://www.pandeco.com.br/desenvolvimento.html" "Mozilla/5.0 (Windows NT 10.0; Win64; x64) AppleWebKit/537.36 (KHTML, like Gecko) Chrome/68.0.3440.84 Safari/537.36"
189.113.48.245 - - [04/Aug/2018:20:15:09 -0400] "GET /css/desenvolvimento.css HTTP/1.1" 200 777 "https://www.pandeco.com.br/desenvolvimento.html" "Mozilla/5.0 (Windows NT 10.0; Win64; x64) AppleWebKit/537.36 (KHTML, like Gecko) Chrome/68.0.3440.84 Safari/537.36"
189.113.48.245 - - [04/Aug/2018:20:15:11 -0400] "GET /contato.html HTTP/1.1" 200 1648 "https://www.pandeco.com.br/desenvolvimento.html" "Mozilla/5.0 (Windows NT 10.0; Win64; x64) AppleWebKit/537.36 (KHTML, like Gecko) Chrome/68.0.3440.84 Safari/537.36"
189.113.48.245 - - [04/Aug/2018:20:15:13 -0400] "GET /sobre.html HTTP/1.1" 404 567 "https://www.pandeco.com.br/contato.html" "Mozilla/5.0 (Windows NT 10.0; Win64; x64) AppleWebKit/537.36 (KHTML, like Gecko) Chrome/68.0.3440.84 Safari/537.36"
66.249.66.131 - - [04/Aug/2018:20:38:33 -0400] "GET /robots.txt HTTP/1.1" 404 6941 "-" "Mozilla/5.0 (compatible; Googlebot/2.1; +http://www.google.com/bot.html)"
66.249.66.131 - - [04/Aug/2018:20:38:34 -0400] "GET /manual/tr/rewrite/vhosts.html HTTP/1.1" 200 4566 "-" "Mozilla/5.0 (compatible; Googlebot/2.1; +http://www.google.com/bot.html)"
66.249.66.129 - - [04/Aug/2018:21:54:21 -0400] "GET /manual/ko/mod/mod_dav_fs.html HTTP/1.1" 200 9799 "-" "Mozilla/5.0 (compatible; Googlebot/2.1; +http://www.google.com/bot.html)"
167.114.13.150 - - [04/Aug/2018:22:29:42 -0400] "POST /GponForm/diag_Form?style/ HTTP/1.1" 404 6995 "-" "curl/7.3.2"
66.249.66.129 - - [04/Aug/2018:23:10:08 -0400] "GET /manual/ko/programs/httpd.html HTTP/1.1" 200 10679 "-" "Mozilla/5.0 (compatible; Googlebot/2.1; +http://www.google.com/bot.html)"
45.76.96.13 - - [05/Aug/2018:00:03:32 -0400] "GET /axis2/ HTTP/1.1" 404 7011 "-" "-"
66.249.66.129 - - [05/Aug/2018:00:25:55 -0400] "GET /manual/tr/mod/mod_buffer.html HTTP/1.1" 200 9810 "-" "Mozilla/5.0 (compatible; Googlebot/2.1; +http://www.google.com/bot.html)"
66.249.66.133 - - [05/Aug/2018:01:41:42 -0400] "GET /manual/tr/mod/mod_dumpio.html HTTP/1.1" 200 9532 "-" "Mozilla/5.0 (compatible; Googlebot/2.1; +http://www.google.com/bot.html)"
66.249.66.133 - - [05/Aug/2018:02:57:29 -0400] "GET /manual/ko/mod/mod_status.html HTTP/1.1" 200 10155 "-" "Mozilla/5.0 (compatible; Googlebot/2.1; +http://www.google.com/bot.html)"
66.249.66.133 - - [05/Aug/2018:04:13:16 -0400] "GET /manual/tr/mod/mod_actions.html HTTP/1.1" 200 10428 "-" "Mozilla/5.0 (compatible; Googlebot/2.1; +http://www.google.com/bot.html)"
60.191.38.77 - - [05/Aug/2018:05:04:01 -0400] "GET / HTTP/1.1" 200 10119 "-" "Mozilla/5.0 (Macintosh; Intel Mac OS X 10.11; rv:47.0) Gecko/20100101 Firefox/47.0"
51.38.12.13 - - [05/Aug/2018:05:09:33 -0400] "GET / HTTP/1.1" 200 10546 "-" "Mozilla/5.0 (Windows NT 6.1) AppleWebKit/537.36 (KHTML, like Gecko) Chrome/41.0.2228.0 Safari/537.36"
51.38.12.13 - - [05/Aug/2018:05:09:34 -0400] "GET / HTTP/1.0" 400 0 "-" "-"
66.249.66.133 - - [05/Aug/2018:05:29:03 -0400] "GET /manual/da/mod/mod_version.html HTTP/1.1" 200 9879 "-" "Mozilla/5.0 (compatible; Googlebot/2.1; +http://www.google.com/bot.html)"
66.249.66.129 - - [05/Aug/2018:06:44:49 -0400] "GET /robots.txt HTTP/1.1" 404 6941 "-" "Mozilla/5.0 (compatible; Googlebot/2.1; +http://www.google.com/bot.html)"
66.249.66.133 - - [05/Aug/2018:06:44:50 -0400] "GET /manual/da/mod/mod_session.html HTTP/1.1" 200 14210 "-" "Mozilla/5.0 (compatible; Googlebot/2.1; +http://www.google.com/bot.html)"
66.249.66.129 - - [05/Aug/2018:08:00:37 -0400] "GET /manual/ko/programs/suexec.html HTTP/1.1" 200 9271 "-" "Mozilla/5.0 (compatible; Googlebot/2.1; +http://www.google.com/bot.html)"
66.249.66.131 - - [05/Aug/2018:09:16:23 -0400] "GET /robots.txt HTTP/1.1" 404 6941 "-" "Mozilla/5.0 (compatible; Googlebot/2.1; +http://www.google.com/bot.html)"
66.249.66.129 - - [05/Aug/2018:09:16:24 -0400] "GET /manual/ja/mod/mod_xml2enc.html HTTP/1.1" 200 11290 "-" "Mozilla/5.0 (compatible; Googlebot/2.1; +http://www.google.com/bot.html)"
66.249.66.129 - - [05/Aug/2018:10:32:11 -0400] "GET /manual/ko/developer/hooks.html HTTP/1.1" 200 10950 "-" "Mozilla/5.0 (compatible; Googlebot/2.1; +http://www.google.com/bot.html)"
74.82.47.3 - - [05/Aug/2018:11:37:04 -0400] "GET / HTTP/1.1" 200 9816 "-" "-"
66.249.66.129 - - [05/Aug/2018:11:47:58 -0400] "GET /manual/da/mod/mod_userdir.html HTTP/1.1" 200 10482 "-" "Mozilla/5.0 (compatible; Googlebot/2.1; +http://www.google.com/bot.html)"
177.79.69.90 - - [05/Aug/2018:12:46:58 -0400] "GET /favicon.ico HTTP/1.1" 404 6957 "https://www.pandeco.com.br/" "Mozilla/5.0 (Linux; Android 7.0; Moto G (4) Build/NPJS25.93-14-18) AppleWebKit/537.36 (KHTML, like Gecko) Chrome/68.0.3440.85 Mobile Safari/537.36"
66.249.66.131 - - [05/Aug/2018:13:03:45 -0400] "GET /manual/da/programs/suexec.html HTTP/1.1" 200 9047 "-" "Mozilla/5.0 (compatible; Googlebot/2.1; +http://www.google.com/bot.html)"
66.249.66.131 - - [05/Aug/2018:14:19:32 -0400] "GET /manual/ko/mod/mod_actions.html HTTP/1.1" 200 10694 "-" "Mozilla/5.0 (compatible; Googlebot/2.1; +http://www.google.com/bot.html)"
66.249.66.129 - - [05/Aug/2018:14:32:32 -0400] "GET /favicon.ico HTTP/1.1" 404 6942 "-" "Googlebot-Image/1.0"
66.249.66.129 - - [05/Aug/2018:15:35:19 -0400] "GET /manual/da/mod/mod_speling.html HTTP/1.1" 200 10147 "-" "Mozilla/5.0 (compatible; Googlebot/2.1; +http://www.google.com/bot.html)"
66.249.66.131 - - [05/Aug/2018:15:40:45 -0400] "GET /favicon.ico HTTP/1.1" 404 6942 "-" "Googlebot-Image/1.0"
66.249.66.129 - - [05/Aug/2018:16:51:06 -0400] "GET /manual/ko/mod/mod_include.html HTTP/1.1" 200 20732 "-" "Mozilla/5.0 (compatible; Googlebot/2.1; +http://www.google.com/bot.html)"
66.249.66.131 - - [05/Aug/2018:18:06:53 -0400] "GET /manual/tr/mod/mod_headers.html HTTP/1.1" 200 14881 "-" "Mozilla/5.0 (compatible; Googlebot/2.1; +http://www.google.com/bot.html)"
122.228.10.51 - - [05/Aug/2018:18:37:14 -0400] "GET / HTTP/1.1" 200 10119 "-" "Mozilla/5.0 (Macintosh; Intel Mac OS X 10.11; rv:47.0) Gecko/20100101 Firefox/47.0"
66.249.66.129 - - [05/Aug/2018:19:22:39 -0400] "GET /robots.txt HTTP/1.1" 404 6941 "-" "Mozilla/5.0 (compatible; Googlebot/2.1; +http://www.google.com/bot.html)"
66.249.66.133 - - [05/Aug/2018:19:22:40 -0400] "GET /manual/ja/mod/mod_example.html HTTP/1.1" 404 6961 "-" "Mozilla/5.0 (compatible; Googlebot/2.1; +http://www.google.com/bot.html)"
66.249.66.129 - - [05/Aug/2018:20:38:27 -0400] "GET /manual/da/developer/hooks.html HTTP/1.1" 200 10950 "-" "Mozilla/5.0 (compatible; Googlebot/2.1; +http://www.google.com/bot.html)"
66.249.66.131 - - [05/Aug/2018:20:42:03 -0400] "GET /favicon.ico HTTP/1.1" 404 6942 "-" "Googlebot-Image/1.0"
66.249.66.131 - - [05/Aug/2018:21:54:13 -0400] "GET /robots.txt HTTP/1.1" 404 6941 "-" "Mozilla/5.0 (compatible; Googlebot/2.1; +http://www.google.com/bot.html)"
66.249.66.131 - - [05/Aug/2018:21:54:14 -0400] "GET /manual/tr/vhosts/examples.html HTTP/1.1" 200 6941 "-" "Mozilla/5.0 (compatible; Googlebot/2.1; +http://www.google.com/bot.html)"
66.249.66.131 - - [05/Aug/2018:23:10:01 -0400] "GET /manual/tr/mod/mod_session.html HTTP/1.1" 200 14210 "-" "Mozilla/5.0 (compatible; Googlebot/2.1; +http://www.google.com/bot.html)"
52.53.201.78 - - [05/Aug/2018:23:31:10 -0400] "GET / HTTP/1.1" 200 7800 "http://www.pandeco.com.br/" "Mozilla/5.0 (Macintosh; Intel Mac OS X 10_12_6) AppleWebKit/537.36 (KHTML, like Gecko) Chrome/61.0.3163.100 Safari/537.36"
66.249.66.129 - - [06/Aug/2018:00:25:48 -0400] "GET /manual/da/mod/mod_expires.html HTTP/1.1" 200 11412 "-" "Mozilla/5.0 (compatible; Googlebot/2.1; +http://www.google.com/bot.html)"
66.249.66.133 - - [06/Aug/2018:01:41:35 -0400] "GET /manual/da/mod/mod_actions.html HTTP/1.1" 200 10428 "-" "Mozilla/5.0 (compatible; Googlebot/2.1; +http://www.google.com/bot.html)"
66.249.66.133 - - [06/Aug/2018:02:57:22 -0400] "GET /manual/tr/mod/mod_deflate.html HTTP/1.1" 200 12945 "-" "Mozilla/5.0 (compatible; Googlebot/2.1; +http://www.google.com/bot.html)"
93.119.227.34 - - [06/Aug/2018:03:23:08 -0400] "GET / HTTP/1.1" 200 10030 "-" "Mozilla/5.0 (Macintosh; Intel Mac OS X 10.13; rv:58.0) Gecko/20100101 Firefox/58.0"
66.249.66.129 - - [06/Aug/2018:04:13:09 -0400] "GET /manual/tr/vhosts/ip-based.html HTTP/1.1" 200 11299 "-" "Mozilla/5.0 (compatible; Googlebot/2.1; +http://www.google.com/bot.html)"
66.249.66.131 - - [06/Aug/2018:05:28:56 -0400] "GET /manual/tr/mod/mod_include.html HTTP/1.1" 200 20732 "-" "Mozilla/5.0 (compatible; Googlebot/2.1; +http://www.google.com/bot.html)"
66.249.66.133 - - [06/Aug/2018:06:44:43 -0400] "GET /manual/tr/developer/hooks.html HTTP/1.1" 200 10950 "-" "Mozilla/5.0 (compatible; Googlebot/2.1; +http://www.google.com/bot.html)"
66.249.66.131 - - [06/Aug/2018:08:00:30 -0400] "GET /robots.txt HTTP/1.1" 404 6941 "-" "Mozilla/5.0 (compatible; Googlebot/2.1; +http://www.google.com/bot.html)"
66.249.66.131 - - [06/Aug/2018:08:00:31 -0400] "GET /manual/tr/mod/mod_version.html HTTP/1.1" 200 3505 "-" "Mozilla/5.0 (compatible; Googlebot/2.1; +http://www.google.com/bot.html)"
66.249.66.133 - - [06/Aug/2018:09:16:17 -0400] "GET /manual/tr/mod/mpm_netware.html HTTP/1.1" 200 9881 "-" "Mozilla/5.0 (compatible; Googlebot/2.1; +http://www.google.com/bot.html)"
66.249.66.129 - - [06/Aug/2018:10:32:03 -0400] "GET /robots.txt HTTP/1.1" 404 6941 "-" "Mozilla/5.0 (compatible; Googlebot/2.1; +http://www.google.com/bot.html)"
66.249.66.131 - - [06/Aug/2018:10:32:04 -0400] "GET /manual/fr/platform/ebcdic.html HTTP/1.1" 200 13243 "-" "Mozilla/5.0 (compatible; Googlebot/2.1; +http://www.google.com/bot.html)"
184.105.139.67 - - [06/Aug/2018:11:42:21 -0400] "GET / HTTP/1.1" 200 9816 "-" "-"
66.249.66.131 - - [06/Aug/2018:11:47:51 -0400] "GET /manual/tr/mod/mod_speling.html HTTP/1.1" 200 10147 "-" "Mozilla/5.0 (compatible; Googlebot/2.1; +http://www.google.com/bot.html)"
66.249.66.129 - - [06/Aug/2018:12:40:43 -0400] "GET / HTTP/1.1" 200 8051 "-" "Mozilla/5.0 (compatible; Googlebot/2.1; +http://www.google.com/bot.html)"
66.249.66.133 - - [06/Aug/2018:12:41:58 -0400] "GET /favicon.ico HTTP/1.1" 404 6942 "-" "Googlebot-Image/1.0"
66.249.66.129 - - [06/Aug/2018:13:03:38 -0400] "GET /manual/ko/mod/mod_example.html HTTP/1.1" 404 6961 "-" "Mozilla/5.0 (compatible; Googlebot/2.1; +http://www.google.com/bot.html)"
122.224.129.234 - - [06/Aug/2018:13:26:50 -0400] "GET / HTTP/1.0" 200 9936 "-" "-"
66.249.66.133 - - [06/Aug/2018:14:19:25 -0400] "GET /manual/tr/mod/mod_expires.html HTTP/1.1" 200 11412 "-" "Mozilla/5.0 (compatible; Googlebot/2.1; +http://www.google.com/bot.html)"
66.249.66.131 - - [06/Aug/2018:15:35:12 -0400] "GET /manual/tr/programs/suexec.html HTTP/1.1" 200 9172 "-" "Mozilla/5.0 (compatible; Googlebot/2.1; +http://www.google.com/bot.html)"
177.79.71.183 - - [06/Aug/2018:16:34:49 -0400] "GET / HTTP/1.1" 200 8066 "-" "WhatsApp/2.18.230 A"
66.249.66.129 - - [06/Aug/2018:16:50:59 -0400] "GET /manual/ko/mod/mod_rewrite.html HTTP/1.1" 200 24759 "-" "Mozilla/5.0 (compatible; Googlebot/2.1; +http://www.google.com/bot.html)"
66.249.66.129 - - [06/Aug/2018:18:06:46 -0400] "GET /manual/tr/mod/mod_xml2enc.html HTTP/1.1" 200 11290 "-" "Mozilla/5.0 (compatible; Googlebot/2.1; +http://www.google.com/bot.html)"
200.17.97.45 - - [06/Aug/2018:18:24:35 -0400] "GET / HTTP/1.1" 200 8066 "-" "Mozilla/5.0 (X11; Linux x86_64; rv:57.0) Gecko/20100101 Firefox/57.0"
200.17.97.45 - - [06/Aug/2018:18:24:35 -0400] "GET /css/normalize.css HTTP/1.1" 200 3049 "https://www.pandeco.com.br/" "Mozilla/5.0 (X11; Linux x86_64; rv:57.0) Gecko/20100101 Firefox/57.0"
200.17.97.45 - - [06/Aug/2018:18:24:35 -0400] "GET /css/style.css HTTP/1.1" 200 1455 "https://www.pandeco.com.br/" "Mozilla/5.0 (X11; Linux x86_64; rv:57.0) Gecko/20100101 Firefox/57.0"
200.17.97.45 - - [06/Aug/2018:18:24:36 -0400] "GET /css/grid.css HTTP/1.1" 200 1107 "https://www.pandeco.com.br/" "Mozilla/5.0 (X11; Linux x86_64; rv:57.0) Gecko/20100101 Firefox/57.0"
200.17.97.45 - - [06/Aug/2018:18:24:36 -0400] "GET /css/reset.css HTTP/1.1" 200 873 "https://www.pandeco.com.br/" "Mozilla/5.0 (X11; Linux x86_64; rv:57.0) Gecko/20100101 Firefox/57.0"
200.17.97.45 - - [06/Aug/2018:18:24:36 -0400] "GET /css/responsivo.css HTTP/1.1" 200 1018 "https://www.pandeco.com.br/" "Mozilla/5.0 (X11; Linux x86_64; rv:57.0) Gecko/20100101 Firefox/57.0"
200.17.97.45 - - [06/Aug/2018:18:24:37 -0400] "GET /img/icones/instagram.png HTTP/1.1" 200 1812 "https://www.pandeco.com.br/" "Mozilla/5.0 (X11; Linux x86_64; rv:57.0) Gecko/20100101 Firefox/57.0"
200.17.97.45 - - [06/Aug/2018:18:24:37 -0400] "GET /img/icones/facebook.png HTTP/1.1" 200 1432 "https://www.pandeco.com.br/" "Mozilla/5.0 (X11; Linux x86_64; rv:57.0) Gecko/20100101 Firefox/57.0"
200.17.97.45 - - [06/Aug/2018:18:24:37 -0400] "GET /fonts/SLANT.TTF HTTP/1.1" 200 22303 "https://www.pandeco.com.br/css/style.css" "Mozilla/5.0 (X11; Linux x86_64; rv:57.0) Gecko/20100101 Firefox/57.0"
200.17.97.45 - - [06/Aug/2018:18:24:37 -0400] "GET /img/produtos/fitness.jpg HTTP/1.1" 200 39375 "https://www.pandeco.com.br/" "Mozilla/5.0 (X11; Linux x86_64; rv:57.0) Gecko/20100101 Firefox/57.0"
200.17.97.45 - - [06/Aug/2018:18:24:37 -0400] "GET /img/bg.jpg HTTP/1.1" 200 183812 "https://www.pandeco.com.br/css/style.css" "Mozilla/5.0 (X11; Linux x86_64; rv:57.0) Gecko/20100101 Firefox/57.0"
200.17.97.45 - - [06/Aug/2018:18:24:38 -0400] "GET /favicon.ico HTTP/1.1" 404 568 "-" "Mozilla/5.0 (X11; Linux x86_64; rv:57.0) Gecko/20100101 Firefox/57.0"
200.17.97.45 - - [06/Aug/2018:18:26:27 -0400] "GET /contato.html HTTP/1.1" 200 1801 "https://www.pandeco.com.br/" "Mozilla/5.0 (X11; Linux x86_64; rv:57.0) Gecko/20100101 Firefox/57.0"
200.17.97.45 - - [06/Aug/2018:18:26:27 -0400] "GET /css/contato.css HTTP/1.1" 200 996 "https://www.pandeco.com.br/contato.html" "Mozilla/5.0 (X11; Linux x86_64; rv:57.0) Gecko/20100101 Firefox/57.0"
200.17.97.45 - - [06/Aug/2018:19:06:14 -0400] "GET / HTTP/1.1" 200 8066 "-" "Mozilla/5.0 (Windows NT 10.0; Win64; x64) AppleWebKit/537.36 (KHTML, like Gecko) Chrome/67.0.3396.99 Safari/537.36"
200.17.97.45 - - [06/Aug/2018:19:06:14 -0400] "GET /css/normalize.css HTTP/1.1" 200 3049 "https://www.pandeco.com.br/" "Mozilla/5.0 (Windows NT 10.0; Win64; x64) AppleWebKit/537.36 (KHTML, like Gecko) Chrome/67.0.3396.99 Safari/537.36"
200.17.97.45 - - [06/Aug/2018:19:06:14 -0400] "GET /css/reset.css HTTP/1.1" 200 7109 "https://www.pandeco.com.br/" "Mozilla/5.0 (Windows NT 10.0; Win64; x64) AppleWebKit/537.36 (KHTML, like Gecko) Chrome/67.0.3396.99 Safari/537.36"
200.17.97.45 - - [06/Aug/2018:19:06:14 -0400] "GET /css/style.css HTTP/1.1" 200 7844 "https://www.pandeco.com.br/" "Mozilla/5.0 (Windows NT 10.0; Win64; x64) AppleWebKit/537.36 (KHTML, like Gecko) Chrome/67.0.3396.99 Safari/537.36"
200.17.97.45 - - [06/Aug/2018:19:06:14 -0400] "GET /css/grid.css HTTP/1.1" 200 7343 "https://www.pandeco.com.br/" "Mozilla/5.0 (Windows NT 10.0; Win64; x64) AppleWebKit/537.36 (KHTML, like Gecko) Chrome/67.0.3396.99 Safari/537.36"
200.17.97.45 - - [06/Aug/2018:19:06:14 -0400] "GET /css/responsivo.css HTTP/1.1" 200 865 "https://www.pandeco.com.br/" "Mozilla/5.0 (Windows NT 10.0; Win64; x64) AppleWebKit/537.36 (KHTML, like Gecko) Chrome/67.0.3396.99 Safari/537.36"
200.17.97.45 - - [06/Aug/2018:19:06:14 -0400] "GET /img/icones/facebook.png HTTP/1.1" 200 1432 "https://www.pandeco.com.br/" "Mozilla/5.0 (Windows NT 10.0; Win64; x64) AppleWebKit/537.36 (KHTML, like Gecko) Chrome/67.0.3396.99 Safari/537.36"
200.17.97.45 - - [06/Aug/2018:19:06:14 -0400] "GET /img/icones/instagram.png HTTP/1.1" 200 1812 "https://www.pandeco.com.br/" "Mozilla/5.0 (Windows NT 10.0; Win64; x64) AppleWebKit/537.36 (KHTML, like Gecko) Chrome/67.0.3396.99 Safari/537.36"
200.17.97.45 - - [06/Aug/2018:19:06:14 -0400] "GET /fonts/SLANT.TTF HTTP/1.1" 200 22150 "https://www.pandeco.com.br/css/style.css" "Mozilla/5.0 (Windows NT 10.0; Win64; x64) AppleWebKit/537.36 (KHTML, like Gecko) Chrome/67.0.3396.99 Safari/537.36"
200.17.97.45 - - [06/Aug/2018:19:06:14 -0400] "GET /img/produtos/fitness.jpg HTTP/1.1" 200 39375 "https://www.pandeco.com.br/" "Mozilla/5.0 (Windows NT 10.0; Win64; x64) AppleWebKit/537.36 (KHTML, like Gecko) Chrome/67.0.3396.99 Safari/537.36"
200.17.97.45 - - [06/Aug/2018:19:06:14 -0400] "GET /img/bg.jpg HTTP/1.1" 200 183812 "https://www.pandeco.com.br/css/style.css" "Mozilla/5.0 (Windows NT 10.0; Win64; x64) AppleWebKit/537.36 (KHTML, like Gecko) Chrome/67.0.3396.99 Safari/537.36"
200.17.97.45 - - [06/Aug/2018:19:06:16 -0400] "GET /favicon.ico HTTP/1.1" 404 568 "https://www.pandeco.com.br/" "Mozilla/5.0 (Windows NT 10.0; Win64; x64) AppleWebKit/537.36 (KHTML, like Gecko) Chrome/67.0.3396.99 Safari/537.36"
66.249.66.131 - - [06/Aug/2018:19:22:33 -0400] "GET /manual/tr/mod/mod_rewrite.html HTTP/1.1" 200 24759 "-" "Mozilla/5.0 (compatible; Googlebot/2.1; +http://www.google.com/bot.html)"
200.17.97.45 - - [06/Aug/2018:19:44:16 -0400] "GET / HTTP/1.1" 200 8066 "-" "Mozilla/5.0 (Windows NT 10.0; Win64; x64) AppleWebKit/537.36 (KHTML, like Gecko) Chrome/67.0.3396.99 Safari/537.36"
200.17.97.45 - - [06/Aug/2018:19:44:17 -0400] "GET /css/reset.css HTTP/1.1" 200 7109 "https://www.pandeco.com.br/" "Mozilla/5.0 (Windows NT 10.0; Win64; x64) AppleWebKit/537.36 (KHTML, like Gecko) Chrome/67.0.3396.99 Safari/537.36"
200.17.97.45 - - [06/Aug/2018:19:44:17 -0400] "GET /css/grid.css HTTP/1.1" 200 7343 "https://www.pandeco.com.br/" "Mozilla/5.0 (Windows NT 10.0; Win64; x64) AppleWebKit/537.36 (KHTML, like Gecko) Chrome/67.0.3396.99 Safari/537.36"
200.17.97.45 - - [06/Aug/2018:19:44:17 -0400] "GET /css/normalize.css HTTP/1.1" 200 3049 "https://www.pandeco.com.br/" "Mozilla/5.0 (Windows NT 10.0; Win64; x64) AppleWebKit/537.36 (KHTML, like Gecko) Chrome/67.0.3396.99 Safari/537.36"
200.17.97.45 - - [06/Aug/2018:19:44:17 -0400] "GET /css/style.css HTTP/1.1" 200 1608 "https://www.pandeco.com.br/" "Mozilla/5.0 (Windows NT 10.0; Win64; x64) AppleWebKit/537.36 (KHTML, like Gecko) Chrome/67.0.3396.99 Safari/537.36"
200.17.97.45 - - [06/Aug/2018:19:44:17 -0400] "GET /css/responsivo.css HTTP/1.1" 200 865 "https://www.pandeco.com.br/" "Mozilla/5.0 (Windows NT 10.0; Win64; x64) AppleWebKit/537.36 (KHTML, like Gecko) Chrome/67.0.3396.99 Safari/537.36"
200.17.97.45 - - [06/Aug/2018:19:44:17 -0400] "GET /img/icones/facebook.png HTTP/1.1" 200 1432 "https://www.pandeco.com.br/" "Mozilla/5.0 (Windows NT 10.0; Win64; x64) AppleWebKit/537.36 (KHTML, like Gecko) Chrome/67.0.3396.99 Safari/537.36"
200.17.97.45 - - [06/Aug/2018:19:44:17 -0400] "GET /img/icones/instagram.png HTTP/1.1" 200 1812 "https://www.pandeco.com.br/" "Mozilla/5.0 (Windows NT 10.0; Win64; x64) AppleWebKit/537.36 (KHTML, like Gecko) Chrome/67.0.3396.99 Safari/537.36"
200.17.97.45 - - [06/Aug/2018:19:44:17 -0400] "GET /img/produtos/fitness.jpg HTTP/1.1" 200 39375 "https://www.pandeco.com.br/" "Mozilla/5.0 (Windows NT 10.0; Win64; x64) AppleWebKit/537.36 (KHTML, like Gecko) Chrome/67.0.3396.99 Safari/537.36"
200.17.97.45 - - [06/Aug/2018:19:44:17 -0400] "GET /fonts/SLANT.TTF HTTP/1.1" 200 22303 "https://www.pandeco.com.br/css/style.css" "Mozilla/5.0 (Windows NT 10.0; Win64; x64) AppleWebKit/537.36 (KHTML, like Gecko) Chrome/67.0.3396.99 Safari/537.36"
200.17.97.45 - - [06/Aug/2018:19:44:17 -0400] "GET /img/bg.jpg HTTP/1.1" 200 183812 "https://www.pandeco.com.br/css/style.css" "Mozilla/5.0 (Windows NT 10.0; Win64; x64) AppleWebKit/537.36 (KHTML, like Gecko) Chrome/67.0.3396.99 Safari/537.36"
200.17.97.45 - - [06/Aug/2018:19:44:23 -0400] "GET /desenvolvimento.html HTTP/1.1" 200 1497 "https://www.pandeco.com.br/" "Mozilla/5.0 (Windows NT 10.0; Win64; x64) AppleWebKit/537.36 (KHTML, like Gecko) Chrome/67.0.3396.99 Safari/537.36"
200.17.97.45 - - [06/Aug/2018:19:44:23 -0400] "GET /css/contato.css HTTP/1.1" 200 996 "https://www.pandeco.com.br/desenvolvimento.html" "Mozilla/5.0 (Windows NT 10.0; Win64; x64) AppleWebKit/537.36 (KHTML, like Gecko) Chrome/67.0.3396.99 Safari/537.36"
200.17.97.45 - - [06/Aug/2018:19:44:23 -0400] "GET /css/desenvolvimento.css HTTP/1.1" 200 777 "https://www.pandeco.com.br/desenvolvimento.html" "Mozilla/5.0 (Windows NT 10.0; Win64; x64) AppleWebKit/537.36 (KHTML, like Gecko) Chrome/67.0.3396.99 Safari/537.36"
200.17.97.45 - - [06/Aug/2018:19:44:34 -0400] "GET /contato.html HTTP/1.1" 200 1801 "https://www.pandeco.com.br/desenvolvimento.html" "Mozilla/5.0 (Windows NT 10.0; Win64; x64) AppleWebKit/537.36 (KHTML, like Gecko) Chrome/67.0.3396.99 Safari/537.36"
66.249.66.129 - - [06/Aug/2018:20:38:19 -0400] "GET /robots.txt HTTP/1.1" 404 6941 "-" "Mozilla/5.0 (compatible; Googlebot/2.1; +http://www.google.com/bot.html)"
66.249.66.131 - - [06/Aug/2018:20:38:20 -0400] "GET /manual/ko/mod/mod_remoteip.html HTTP/1.1" 200 11529 "-" "Mozilla/5.0 (compatible; Googlebot/2.1; +http://www.google.com/bot.html)"
177.132.115.6 - - [06/Aug/2018:21:17:00 -0400] "HEAD / HTTP/1.1" 200 6711 "-" "Microsoft Office Excel 2014"
177.132.115.6 - - [06/Aug/2018:21:17:03 -0400] "GET / HTTP/1.1" 200 8051 "-" "Mozilla/4.0 (compatible; MSIE 7.0; Windows NT 10.0; Win64; x64; Trident/7.0; .NET4.0C; .NET4.0E; .NET CLR 2.0.50727; .NET CLR 3.0.30729; .NET CLR 3.5.30729; ms-office)"
66.249.66.129 - - [06/Aug/2018:21:54:07 -0400] "GET /manual/ja/mod/mod_watchdog.html HTTP/1.1" 200 9221 "-" "Mozilla/5.0 (compatible; Googlebot/2.1; +http://www.google.com/bot.html)"
60.191.38.77 - - [06/Aug/2018:22:30:48 -0400] "GET / HTTP/1.1" 200 10119 "-" "Mozilla/5.0 (Macintosh; Intel Mac OS X 10.11; rv:47.0) Gecko/20100101 Firefox/47.0"
66.249.66.129 - - [06/Aug/2018:23:03:50 -0400] "GET /pedido.html HTTP/1.1" 404 6942 "-" "Mozilla/5.0 (Linux; Android 6.0.1; Nexus 5X Build/MMB29P) AppleWebKit/537.36 (KHTML, like Gecko) Chrome/41.0.2272.96 Mobile Safari/537.36 (compatible; Googlebot/2.1; +http://www.google.com/bot.html)"
66.249.66.131 - - [06/Aug/2018:23:12:38 -0400] "GET /robots.txt HTTP/1.1" 404 6941 "-" "Mozilla/5.0 (compatible; Googlebot/2.1; +http://www.google.com/bot.html)"
66.249.66.133 - - [06/Aug/2018:23:12:39 -0400] "GET /manual/fr/vhosts/fd-limits.html HTTP/1.1" 200 10395 "-" "Mozilla/5.0 (compatible; Googlebot/2.1; +http://www.google.com/bot.html)"
13.57.233.99 - - [06/Aug/2018:23:47:58 -0400] "GET / HTTP/1.1" 200 7800 "-" "Mozilla/5.0 (Macintosh; Intel Mac OS X 10_12_6) AppleWebKit/537.36 (KHTML, like Gecko) Chrome/61.0.3163.100 Safari/537.36"
66.249.66.133 - - [06/Aug/2018:23:54:41 -0400] "GET / HTTP/1.1" 200 8051 "-" "Mozilla/5.0 (Linux; Android 6.0.1; Nexus 5X Build/MMB29P) AppleWebKit/537.36 (KHTML, like Gecko) Chrome/41.0.2272.96 Mobile Safari/537.36 (compatible; Googlebot/2.1; +http://www.google.com/bot.html)"
66.249.66.133 - - [07/Aug/2018:00:28:26 -0400] "GET /manual/tr/rewrite/advanced.html HTTP/1.1" 200 11846 "-" "Mozilla/5.0 (compatible; Googlebot/2.1; +http://www.google.com/bot.html)"
66.249.66.129 - - [07/Aug/2018:01:05:33 -0400] "GET /desenvolvimento.html HTTP/1.1" 304 6583 "-" "Mozilla/5.0 (compatible; Googlebot/2.1; +http://www.google.com/bot.html)"
66.249.66.131 - - [07/Aug/2018:01:26:04 -0400] "GET / HTTP/1.1" 200 8051 "-" "Mozilla/5.0 (Linux; Android 6.0.1; Nexus 5X Build/MMB29P) AppleWebKit/537.36 (KHTML, like Gecko) Chrome/41.0.2272.96 Mobile Safari/537.36 (compatible; Googlebot/2.1; +http://www.google.com/bot.html)"
66.249.66.133 - - [07/Aug/2018:01:44:13 -0400] "GET /manual/tr/mod/mod_watchdog.html HTTP/1.1" 200 9221 "-" "Mozilla/5.0 (compatible; Googlebot/2.1; +http://www.google.com/bot.html)"
66.249.66.131 - - [07/Aug/2018:03:00:00 -0400] "GET /manual/tr/mod/mod_request.html HTTP/1.1" 200 10161 "-" "Mozilla/5.0 (compatible; Googlebot/2.1; +http://www.google.com/bot.html)"
66.249.66.131 - - [07/Aug/2018:03:32:52 -0400] "GET /index.html HTTP/1.1" 304 6583 "-" "Mozilla/5.0 (compatible; Googlebot/2.1; +http://www.google.com/bot.html)"
66.249.66.131 - - [07/Aug/2018:04:03:15 -0400] "GET /index.html HTTP/1.1" 200 8051 "-" "Mozilla/5.0 (compatible; Googlebot/2.1; +http://www.google.com/bot.html)"
66.249.66.133 - - [07/Aug/2018:04:15:47 -0400] "GET /manual/ko/mod/mod_headers.html HTTP/1.1" 200 12648 "-" "Mozilla/5.0 (compatible; Googlebot/2.1; +http://www.google.com/bot.html)"
71.6.202.204 - - [07/Aug/2018:04:56:44 -0400] "GET / HTTP/1.1" 200 7796 "-" "Mozilla/5.0 (Windows NT 10.0; WOW64) AppleWebKit/537.36 (KHTML, like Gecko) Chrome/67.0.3396.99 Safari/537.36"
66.249.66.133 - - [07/Aug/2018:05:31:35 -0400] "GET /manual/en/mod/mod_dav_lock.html HTTP/1.1" 200 9845 "-" "Mozilla/5.0 (compatible; Googlebot/2.1; +http://www.google.com/bot.html)"
60.191.38.77 - - [07/Aug/2018:05:34:33 -0400] "GET / HTTP/1.1" 200 10119 "-" "Mozilla/5.0 (Macintosh; Intel Mac OS X 10.11; rv:47.0) Gecko/20100101 Firefox/47.0"
66.249.66.129 - - [07/Aug/2018:06:47:21 -0400] "GET /manual/fr/platform/netware.html HTTP/1.1" 200 16916 "-" "Mozilla/5.0 (compatible; Googlebot/2.1; +http://www.google.com/bot.html)"
66.249.66.131 - - [07/Aug/2018:07:06:12 -0400] "GET /index.html HTTP/1.1" 200 8051 "-" "Mozilla/5.0 (Linux; Android 6.0.1; Nexus 5X Build/MMB29P) AppleWebKit/537.36 (KHTML, like Gecko) Chrome/41.0.2272.96 Mobile Safari/537.36 (compatible; Googlebot/2.1; +http://www.google.com/bot.html)"
66.249.66.133 - - [07/Aug/2018:08:03:08 -0400] "GET /manual/ko/mod/mod_auth_dbm.html HTTP/1.1" 404 6962 "-" "Mozilla/5.0 (compatible; Googlebot/2.1; +http://www.google.com/bot.html)"
66.249.66.131 - - [07/Aug/2018:09:18:54 -0400] "GET /robots.txt HTTP/1.1" 404 6941 "-" "Mozilla/5.0 (compatible; Googlebot/2.1; +http://www.google.com/bot.html)"
66.249.66.131 - - [07/Aug/2018:09:18:55 -0400] "GET /manual/tr/vhosts/fd-limits.html HTTP/1.1" 200 3866 "-" "Mozilla/5.0 (compatible; Googlebot/2.1; +http://www.google.com/bot.html)"
192.160.188.2 - - [07/Aug/2018:09:36:12 -0400] "GET /img/produtos/fitness.jpg HTTP/1.1" 304 6584 "https://www.google.com.br/" "Mozilla/5.0 (Windows NT 6.1; Win64; x64) AppleWebKit/537.36 (KHTML, like Gecko) Chrome/67.0.3396.99 Safari/537.36"
177.79.45.90 - - [07/Aug/2018:09:57:23 -0400] "GET / HTTP/1.1" 200 8066 "-" "Mozilla/5.0 (Linux; Android 7.0; Moto G (4) Build/NPJS25.93-14-18) AppleWebKit/537.36 (KHTML, like Gecko) Chrome/68.0.3440.85 Mobile Safari/537.36"
177.79.45.90 - - [07/Aug/2018:09:57:24 -0400] "GET /css/reset.css HTTP/1.1" 200 7109 "https://www.pandeco.com.br/" "Mozilla/5.0 (Linux; Android 7.0; Moto G (4) Build/NPJS25.93-14-18) AppleWebKit/537.36 (KHTML, like Gecko) Chrome/68.0.3440.85 Mobile Safari/537.36"
177.79.45.90 - - [07/Aug/2018:09:57:24 -0400] "GET /img/produtos/fitness.jpg HTTP/1.1" 200 39375 "https://www.pandeco.com.br/" "Mozilla/5.0 (Linux; Android 7.0; Moto G (4) Build/NPJS25.93-14-18) AppleWebKit/537.36 (KHTML, like Gecko) Chrome/68.0.3440.85 Mobile Safari/537.36"
177.79.45.90 - - [07/Aug/2018:09:57:24 -0400] "GET /css/normalize.css HTTP/1.1" 200 3202 "https://www.pandeco.com.br/" "Mozilla/5.0 (Linux; Android 7.0; Moto G (4) Build/NPJS25.93-14-18) AppleWebKit/537.36 (KHTML, like Gecko) Chrome/68.0.3440.85 Mobile Safari/537.36"
177.79.45.90 - - [07/Aug/2018:09:57:24 -0400] "GET /css/grid.css HTTP/1.1" 200 954 "https://www.pandeco.com.br/" "Mozilla/5.0 (Linux; Android 7.0; Moto G (4) Build/NPJS25.93-14-18) AppleWebKit/537.36 (KHTML, like Gecko) Chrome/68.0.3440.85 Mobile Safari/537.36"
177.79.45.90 - - [07/Aug/2018:09:57:24 -0400] "GET /css/style.css HTTP/1.1" 200 1455 "https://www.pandeco.com.br/" "Mozilla/5.0 (Linux; Android 7.0; Moto G (4) Build/NPJS25.93-14-18) AppleWebKit/537.36 (KHTML, like Gecko) Chrome/68.0.3440.85 Mobile Safari/537.36"
177.79.45.90 - - [07/Aug/2018:09:57:24 -0400] "GET /css/responsivo.css HTTP/1.1" 200 865 "https://www.pandeco.com.br/" "Mozilla/5.0 (Linux; Android 7.0; Moto G (4) Build/NPJS25.93-14-18) AppleWebKit/537.36 (KHTML, like Gecko) Chrome/68.0.3440.85 Mobile Safari/537.36"
177.79.45.90 - - [07/Aug/2018:09:57:24 -0400] "GET /img/icones/facebook.png HTTP/1.1" 304 362 "https://www.pandeco.com.br/" "Mozilla/5.0 (Linux; Android 7.0; Moto G (4) Build/NPJS25.93-14-18) AppleWebKit/537.36 (KHTML, like Gecko) Chrome/68.0.3440.85 Mobile Safari/537.36"
177.79.45.90 - - [07/Aug/2018:09:57:24 -0400] "GET /img/icones/instagram.png HTTP/1.1" 304 209 "https://www.pandeco.com.br/" "Mozilla/5.0 (Linux; Android 7.0; Moto G (4) Build/NPJS25.93-14-18) AppleWebKit/537.36 (KHTML, like Gecko) Chrome/68.0.3440.85 Mobile Safari/537.36"
177.79.45.90 - - [07/Aug/2018:09:57:24 -0400] "GET /fonts/SLANT.TTF HTTP/1.1" 200 22150 "https://www.pandeco.com.br/css/style.css" "Mozilla/5.0 (Linux; Android 7.0; Moto G (4) Build/NPJS25.93-14-18) AppleWebKit/537.36 (KHTML, like Gecko) Chrome/68.0.3440.85 Mobile Safari/537.36"
177.79.45.90 - - [07/Aug/2018:09:57:24 -0400] "GET /img/bg-mobile.jpg HTTP/1.1" 200 106447 "https://www.pandeco.com.br/css/responsivo.css" "Mozilla/5.0 (Linux; Android 7.0; Moto G (4) Build/NPJS25.93-14-18) AppleWebKit/537.36 (KHTML, like Gecko) Chrome/68.0.3440.85 Mobile Safari/537.36"
177.79.45.90 - - [07/Aug/2018:09:57:25 -0400] "GET /favicon.ico HTTP/1.1" 404 568 "https://www.pandeco.com.br/" "Mozilla/5.0 (Linux; Android 7.0; Moto G (4) Build/NPJS25.93-14-18) AppleWebKit/537.36 (KHTML, like Gecko) Chrome/68.0.3440.85 Mobile Safari/537.36"
66.249.66.131 - - [07/Aug/2018:09:58:22 -0400] "GET / HTTP/1.1" 200 8051 "-" "Mozilla/5.0 (Linux; Android 6.0.1; Nexus 5X Build/MMB29P) AppleWebKit/537.36 (KHTML, like Gecko) Chrome/41.0.2272.96 Mobile Safari/537.36 (compatible; Googlebot/2.1; +http://www.google.com/bot.html)"
13.250.172.32 - - [07/Aug/2018:10:27:37 -0400] "GET / HTTP/1.1" 200 7815 "-" "Mozilla/5.0 zgrab/0.x"
177.79.42.13 - - [07/Aug/2018:10:31:05 -0400] "GET /favicon.ico HTTP/1.1" 404 6957 "https://www.pandeco.com.br/" "Mozilla/5.0 (Linux; Android 7.0; Moto G (4) Build/NPJS25.93-14-18) AppleWebKit/537.36 (KHTML, like Gecko) Chrome/68.0.3440.85 Mobile Safari/537.36"
66.249.66.131 - - [07/Aug/2018:10:34:42 -0400] "GET /manual/tr/mod/mod_setenvif.html HTTP/1.1" 200 12529 "-" "Mozilla/5.0 (compatible; Googlebot/2.1; +http://www.google.com/bot.html)"
212.129.27.129 - - [07/Aug/2018:10:46:28 -0400] "GET / HTTP/1.1" 200 10014 "-" "libwww-perl/6.34"
192.160.188.2 - - [07/Aug/2018:10:52:43 -0400] "GET / HTTP/1.1" 200 8051 "-" "Mozilla/5.0 (Windows NT 6.1; Win64; x64) AppleWebKit/537.36 (KHTML, like Gecko) Chrome/67.0.3396.99 Safari/537.36"
192.160.188.2 - - [07/Aug/2018:10:52:43 -0400] "GET /css/normalize.css HTTP/1.1" 200 3049 "https://www.pandeco.com.br/" "Mozilla/5.0 (Windows NT 6.1; Win64; x64) AppleWebKit/537.36 (KHTML, like Gecko) Chrome/67.0.3396.99 Safari/537.36"
192.160.188.2 - - [07/Aug/2018:10:52:43 -0400] "GET /css/reset.css HTTP/1.1" 200 7094 "https://www.pandeco.com.br/" "Mozilla/5.0 (Windows NT 6.1; Win64; x64) AppleWebKit/537.36 (KHTML, like Gecko) Chrome/67.0.3396.99 Safari/537.36"
192.160.188.2 - - [07/Aug/2018:10:52:43 -0400] "GET /css/grid.css HTTP/1.1" 200 7328 "https://www.pandeco.com.br/" "Mozilla/5.0 (Windows NT 6.1; Win64; x64) AppleWebKit/537.36 (KHTML, like Gecko) Chrome/67.0.3396.99 Safari/537.36"
192.160.188.2 - - [07/Aug/2018:10:52:43 -0400] "GET /css/responsivo.css HTTP/1.1" 200 7239 "https://www.pandeco.com.br/" "Mozilla/5.0 (Windows NT 6.1; Win64; x64) AppleWebKit/537.36 (KHTML, like Gecko) Chrome/67.0.3396.99 Safari/537.36"
192.160.188.2 - - [07/Aug/2018:10:52:43 -0400] "GET /css/style.css HTTP/1.1" 200 7829 "https://www.pandeco.com.br/" "Mozilla/5.0 (Windows NT 6.1; Win64; x64) AppleWebKit/537.36 (KHTML, like Gecko) Chrome/67.0.3396.99 Safari/537.36"
192.160.188.2 - - [07/Aug/2018:10:52:43 -0400] "GET /img/produtos/fitness.jpg HTTP/1.1" 304 6584 "https://www.pandeco.com.br/" "Mozilla/5.0 (Windows NT 6.1; Win64; x64) AppleWebKit/537.36 (KHTML, like Gecko) Chrome/67.0.3396.99 Safari/537.36"
192.160.188.2 - - [07/Aug/2018:10:52:43 -0400] "GET /img/icones/instagram.png HTTP/1.1" 304 209 "https://www.pandeco.com.br/" "Mozilla/5.0 (Windows NT 6.1; Win64; x64) AppleWebKit/537.36 (KHTML, like Gecko) Chrome/67.0.3396.99 Safari/537.36"
192.160.188.2 - - [07/Aug/2018:10:52:43 -0400] "GET /img/icones/facebook.png HTTP/1.1" 304 209 "https://www.pandeco.com.br/" "Mozilla/5.0 (Windows NT 6.1; Win64; x64) AppleWebKit/537.36 (KHTML, like Gecko) Chrome/67.0.3396.99 Safari/537.36"
192.160.188.2 - - [07/Aug/2018:10:52:43 -0400] "GET /img/bg.jpg HTTP/1.1" 304 211 "https://www.pandeco.com.br/css/style.css" "Mozilla/5.0 (Windows NT 6.1; Win64; x64) AppleWebKit/537.36 (KHTML, like Gecko) Chrome/67.0.3396.99 Safari/537.36"
192.160.188.2 - - [07/Aug/2018:10:52:43 -0400] "GET /fonts/SLANT.TTF HTTP/1.1" 304 210 "https://www.pandeco.com.br/css/style.css" "Mozilla/5.0 (Windows NT 6.1; Win64; x64) AppleWebKit/537.36 (KHTML, like Gecko) Chrome/67.0.3396.99 Safari/537.36"
192.160.188.2 - - [07/Aug/2018:10:52:44 -0400] "GET /favicon.ico HTTP/1.1" 404 568 "https://www.pandeco.com.br/" "Mozilla/5.0 (Windows NT 6.1; Win64; x64) AppleWebKit/537.36 (KHTML, like Gecko) Chrome/67.0.3396.99 Safari/537.36"
192.160.188.2 - - [07/Aug/2018:10:52:48 -0400] "GET /img/bg-mobile.jpg HTTP/1.1" 200 106447 "https://www.pandeco.com.br/css/responsivo.css" "Mozilla/5.0 (Windows NT 6.1; Win64; x64) AppleWebKit/537.36 (KHTML, like Gecko) Chrome/67.0.3396.99 Safari/537.36"
192.160.188.2 - - [07/Aug/2018:10:53:15 -0400] "GET /desenvolvimento.html HTTP/1.1" 200 7871 "https://www.pandeco.com.br/" "Mozilla/5.0 (Windows NT 6.1; Win64; x64) AppleWebKit/537.36 (KHTML, like Gecko) Chrome/67.0.3396.99 Safari/537.36"
192.160.188.2 - - [07/Aug/2018:10:53:15 -0400] "GET /css/contato.css HTTP/1.1" 200 996 "https://www.pandeco.com.br/desenvolvimento.html" "Mozilla/5.0 (Windows NT 6.1; Win64; x64) AppleWebKit/537.36 (KHTML, like Gecko) Chrome/67.0.3396.99 Safari/537.36"
192.160.188.2 - - [07/Aug/2018:10:53:15 -0400] "GET /css/desenvolvimento.css HTTP/1.1" 200 624 "https://www.pandeco.com.br/desenvolvimento.html" "Mozilla/5.0 (Windows NT 6.1; Win64; x64) AppleWebKit/537.36 (KHTML, like Gecko) Chrome/67.0.3396.99 Safari/537.36"
192.160.188.2 - - [07/Aug/2018:10:53:18 -0400] "GET /contato.html HTTP/1.1" 200 1648 "https://www.pandeco.com.br/desenvolvimento.html" "Mozilla/5.0 (Windows NT 6.1; Win64; x64) AppleWebKit/537.36 (KHTML, like Gecko) Chrome/67.0.3396.99 Safari/537.36"
184.105.139.68 - - [07/Aug/2018:11:14:13 -0400] "GET / HTTP/1.1" 200 9816 "-" "-"
66.249.66.129 - - [07/Aug/2018:11:50:29 -0400] "GET /robots.txt HTTP/1.1" 404 6941 "-" "Mozilla/5.0 (compatible; Googlebot/2.1; +http://www.google.com/bot.html)"
66.249.66.131 - - [07/Aug/2018:11:50:30 -0400] "GET /manual/en/platform/netware.html HTTP/1.1" 200 15873 "-" "Mozilla/5.0 (compatible; Googlebot/2.1; +http://www.google.com/bot.html)"
177.79.42.13 - - [07/Aug/2018:12:08:19 -0400] "GET /favicon.ico HTTP/1.1" 404 6957 "https://www.pandeco.com.br/" "Mozilla/5.0 (Linux; Android 7.0; Moto G (4) Build/NPJS25.93-14-18) AppleWebKit/537.36 (KHTML, like Gecko) Chrome/68.0.3440.85 Mobile Safari/537.36"
66.249.66.133 - - [07/Aug/2018:13:06:16 -0400] "GET /manual/tr/platform/perf-hp.html HTTP/1.1" 200 10153 "-" "Mozilla/5.0 (compatible; Googlebot/2.1; +http://www.google.com/bot.html)"
66.249.66.131 - - [07/Aug/2018:14:22:04 -0400] "GET /manual/ko/rewrite/advanced.html HTTP/1.1" 200 11846 "-" "Mozilla/5.0 (compatible; Googlebot/2.1; +http://www.google.com/bot.html)"
66.249.66.129 - - [07/Aug/2018:14:37:24 -0400] "GET /desenvolvimento.html HTTP/1.1" 304 6583 "-" "Mozilla/5.0 (compatible; Googlebot/2.1; +http://www.google.com/bot.html)"
66.249.66.133 - - [07/Aug/2018:15:37:51 -0400] "GET /manual/tr/mod/mod_imagemap.html HTTP/1.1" 200 12540 "-" "Mozilla/5.0 (compatible; Googlebot/2.1; +http://www.google.com/bot.html)"
187.95.126.45 - - [07/Aug/2018:16:27:59 -0400] "GET / HTTP/1.1" 200 8066 "http://www.pandeco.com.br/" "Mozilla/5.0 (Windows NT 6.3; Win64; x64) AppleWebKit/537.36 (KHTML, like Gecko) Chrome/67.0.3396.99 Safari/537.36"
187.95.126.45 - - [07/Aug/2018:16:27:59 -0400] "GET /css/normalize.css HTTP/1.1" 200 3049 "https://www.pandeco.com.br/" "Mozilla/5.0 (Windows NT 6.3; Win64; x64) AppleWebKit/537.36 (KHTML, like Gecko) Chrome/67.0.3396.99 Safari/537.36"
187.95.126.45 - - [07/Aug/2018:16:27:59 -0400] "GET /css/responsivo.css HTTP/1.1" 200 865 "https://www.pandeco.com.br/" "Mozilla/5.0 (Windows NT 6.3; Win64; x64) AppleWebKit/537.36 (KHTML, like Gecko) Chrome/67.0.3396.99 Safari/537.36"
187.95.126.45 - - [07/Aug/2018:16:28:00 -0400] "GET /css/grid.css HTTP/1.1" 200 954 "https://www.pandeco.com.br/" "Mozilla/5.0 (Windows NT 6.3; Win64; x64) AppleWebKit/537.36 (KHTML, like Gecko) Chrome/67.0.3396.99 Safari/537.36"
187.95.126.45 - - [07/Aug/2018:16:28:00 -0400] "GET /css/reset.css HTTP/1.1" 200 873 "https://www.pandeco.com.br/" "Mozilla/5.0 (Windows NT 6.3; Win64; x64) AppleWebKit/537.36 (KHTML, like Gecko) Chrome/67.0.3396.99 Safari/537.36"
187.95.126.45 - - [07/Aug/2018:16:28:00 -0400] "GET /css/style.css HTTP/1.1" 200 1608 "https://www.pandeco.com.br/" "Mozilla/5.0 (Windows NT 6.3; Win64; x64) AppleWebKit/537.36 (KHTML, like Gecko) Chrome/67.0.3396.99 Safari/537.36"
187.95.126.45 - - [07/Aug/2018:16:28:00 -0400] "GET /img/produtos/fitness.jpg HTTP/1.1" 304 363 "https://www.pandeco.com.br/" "Mozilla/5.0 (Windows NT 6.3; Win64; x64) AppleWebKit/537.36 (KHTML, like Gecko) Chrome/67.0.3396.99 Safari/537.36"
187.95.126.45 - - [07/Aug/2018:16:28:00 -0400] "GET /img/icones/facebook.png HTTP/1.1" 304 209 "https://www.pandeco.com.br/" "Mozilla/5.0 (Windows NT 6.3; Win64; x64) AppleWebKit/537.36 (KHTML, like Gecko) Chrome/67.0.3396.99 Safari/537.36"
187.95.126.45 - - [07/Aug/2018:16:28:00 -0400] "GET /img/icones/instagram.png HTTP/1.1" 304 209 "https://www.pandeco.com.br/" "Mozilla/5.0 (Windows NT 6.3; Win64; x64) AppleWebKit/537.36 (KHTML, like Gecko) Chrome/67.0.3396.99 Safari/537.36"
187.95.126.45 - - [07/Aug/2018:16:28:00 -0400] "GET /img/bg.jpg HTTP/1.1" 304 211 "https://www.pandeco.com.br/css/style.css" "Mozilla/5.0 (Windows NT 6.3; Win64; x64) AppleWebKit/537.36 (KHTML, like Gecko) Chrome/67.0.3396.99 Safari/537.36"
187.95.126.45 - - [07/Aug/2018:16:28:00 -0400] "GET /fonts/SLANT.TTF HTTP/1.1" 304 210 "https://www.pandeco.com.br/css/style.css" "Mozilla/5.0 (Windows NT 6.3; Win64; x64) AppleWebKit/537.36 (KHTML, like Gecko) Chrome/67.0.3396.99 Safari/537.36"
187.95.126.45 - - [07/Aug/2018:16:28:00 -0400] "GET /favicon.ico HTTP/1.1" 404 568 "https://www.pandeco.com.br/" "Mozilla/5.0 (Windows NT 6.3; Win64; x64) AppleWebKit/537.36 (KHTML, like Gecko) Chrome/67.0.3396.99 Safari/537.36"
66.249.66.129 - - [07/Aug/2018:16:44:24 -0400] "GET /desenvolvimento.html HTTP/1.1" 304 6583 "-" "Mozilla/5.0 (compatible; Googlebot/2.1; +http://www.google.com/bot.html)"
66.249.66.131 - - [07/Aug/2018:16:53:37 -0400] "GET /manual/tr/mod/mod_remoteip.html HTTP/1.1" 200 11529 "-" "Mozilla/5.0 (compatible; Googlebot/2.1; +http://www.google.com/bot.html)"
66.249.66.133 - - [07/Aug/2018:18:09:24 -0400] "GET /manual/tr/mod/mod_dav_lock.html HTTP/1.1" 200 9845 "-" "Mozilla/5.0 (compatible; Googlebot/2.1; +http://www.google.com/bot.html)"
89.248.167.131 - - [07/Aug/2018:19:03:01 -0400] "GET / HTTP/1.1" 200 9995 "-" "Mozilla/5.0 (X11; Linux x86_64) AppleWebKit/537.36 (KHTML, like Gecko) Chrome/34.0.1847.137 Safari/537.36"
89.248.167.131 - - [07/Aug/2018:19:03:03 -0400] "\n" 400 6364 "-" "-"
89.248.167.131 - - [07/Aug/2018:19:03:06 -0400] "\n" 400 6380 "-" "-"
89.248.167.131 - - [07/Aug/2018:19:03:08 -0400] "\n" 400 6358 "-" "-"
89.248.167.131 - - [07/Aug/2018:19:03:11 -0400] "\n" 400 6358 "-" "-"
89.248.167.131 - - [07/Aug/2018:19:03:12 -0400] "\n" 400 6358 "-" "-"
89.248.167.131 - - [07/Aug/2018:19:03:16 -0400] "quit\n" 400 6174 "-" "-"
89.248.167.131 - - [07/Aug/2018:19:03:20 -0400] "GET /robots.txt HTTP/1.1" 404 6865 "-" "-"
89.248.167.131 - - [07/Aug/2018:19:03:23 -0400] "GET /sitemap.xml HTTP/1.1" 404 6866 "-" "-"
89.248.167.131 - - [07/Aug/2018:19:03:26 -0400] "GET /.well-known/security.txt HTTP/1.1" 404 6879 "-" "-"
89.248.167.131 - - [07/Aug/2018:19:03:28 -0400] "\n" 400 6800 "-" "-"
89.248.167.131 - - [07/Aug/2018:19:03:34 -0400] "GET /favicon.ico HTTP/1.1" 404 6938 "-" "python-requests/2.10.0"
189.113.49.255 - - [07/Aug/2018:19:20:42 -0400] "GET /favicon.ico HTTP/1.1" 404 6957 "-" "Mozilla/5.0 (X11; Linux x86_64; rv:57.0) Gecko/20100101 Firefox/57.0"
66.249.66.133 - - [07/Aug/2018:19:25:11 -0400] "GET /manual/ko/mod/mod_watchdog.html HTTP/1.1" 200 9221 "-" "Mozilla/5.0 (compatible; Googlebot/2.1; +http://www.google.com/bot.html)"
66.249.66.133 - - [07/Aug/2018:20:40:58 -0400] "GET /manual/fr/mod/mod_setenvif.html HTTP/1.1" 200 12741 "-" "Mozilla/5.0 (compatible; Googlebot/2.1; +http://www.google.com/bot.html)"
138.246.253.5 - - [07/Aug/2018:21:14:41 -0400] "HEAD / HTTP/1.1" 400 6353 "-" "Mozilla/5.0 (Windows NT 6.1; Win64; x64) AppleWebKit/537.36 (KHTML, like Gecko) Chrome/40.0.2214.85 Safari/537.36"
