66.249.65.127 - - [30/Jul/2018:09:44:57 -0400] "GET /manual/ko/mod/mod_echo.html HTTP/1.1" 200 9357 "-" "Mozilla/5.0 (compatible; Googlebot/2.1; +http://www.google.com/bot.html)"
66.102.7.6 - - [30/Jul/2018:09:51:14 -0400] "GET / HTTP/1.1" 200 8051 "http://www.google.com/search" "Mozilla/5.0 (X11; Linux x86_64) AppleWebKit/537.36 (KHTML, like Gecko; Google Web Preview) Chrome/41.0.2272.118 Safari/537.36"
66.102.7.6 - - [30/Jul/2018:09:51:14 -0400] "GET /css/normalize.css HTTP/1.1" 200 3049 "https://www.pandeco.com.br/" "Mozilla/5.0 (X11; Linux x86_64) AppleWebKit/537.36 (KHTML, like Gecko; Google Web Preview) Chrome/41.0.2272.118 Safari/537.36"
66.102.7.6 - - [30/Jul/2018:09:51:14 -0400] "GET /css/responsivo.css HTTP/1.1" 200 865 "https://www.pandeco.com.br/" "Mozilla/5.0 (X11; Linux x86_64) AppleWebKit/537.36 (KHTML, like Gecko; Google Web Preview) Chrome/41.0.2272.118 Safari/537.36"
66.102.7.8 - - [30/Jul/2018:09:51:14 -0400] "GET /img/icones/facebook.png HTTP/1.1" 200 7806 "https://www.pandeco.com.br/" "Mozilla/5.0 (X11; Linux x86_64) AppleWebKit/537.36 (KHTML, like Gecko; Google Web Preview) Chrome/41.0.2272.118 Safari/537.36"
66.102.7.8 - - [30/Jul/2018:09:51:14 -0400] "GET /css/reset.css HTTP/1.1" 200 7094 "https://www.pandeco.com.br/" "Mozilla/5.0 (X11; Linux x86_64) AppleWebKit/537.36 (KHTML, like Gecko; Google Web Preview) Chrome/41.0.2272.118 Safari/537.36"
66.102.7.6 - - [30/Jul/2018:09:51:15 -0400] "GET /img/produtos/fitness.jpg HTTP/1.1" 200 45749 "https://www.pandeco.com.br/" "Mozilla/5.0 (X11; Linux x86_64) AppleWebKit/537.36 (KHTML, like Gecko; Google Web Preview) Chrome/41.0.2272.118 Safari/537.36"
66.102.7.6 - - [30/Jul/2018:09:51:16 -0400] "GET /img/icones/instagram.png HTTP/1.1" 200 8186 "https://www.pandeco.com.br/" "Mozilla/5.0 (X11; Linux x86_64) AppleWebKit/537.36 (KHTML, like Gecko; Google Web Preview) Chrome/41.0.2272.118 Safari/537.36"
66.102.7.8 - - [30/Jul/2018:09:51:17 -0400] "GET /css/grid.css HTTP/1.1" 200 7328 "https://www.pandeco.com.br/" "Mozilla/5.0 (X11; Linux x86_64) AppleWebKit/537.36 (KHTML, like Gecko; Google Web Preview) Chrome/41.0.2272.118 Safari/537.36"
66.102.7.8 - - [30/Jul/2018:09:51:18 -0400] "GET /css/style.css HTTP/1.1" 200 7829 "https://www.pandeco.com.br/" "Mozilla/5.0 (X11; Linux x86_64) AppleWebKit/537.36 (KHTML, like Gecko; Google Web Preview) Chrome/41.0.2272.118 Safari/537.36"
66.102.7.8 - - [30/Jul/2018:09:51:18 -0400] "GET /img/bg.jpg HTTP/1.1" 200 183812 "https://www.pandeco.com.br/css/style.css" "Mozilla/5.0 (X11; Linux x86_64) AppleWebKit/537.36 (KHTML, like Gecko; Google Web Preview) Chrome/41.0.2272.118 Safari/537.36"
66.102.7.10 - - [30/Jul/2018:09:51:19 -0400] "GET /fonts/SLANT.TTF HTTP/1.1" 200 28524 "https://www.pandeco.com.br/css/style.css" "Mozilla/5.0 (X11; Linux x86_64) AppleWebKit/537.36 (KHTML, like Gecko; Google Web Preview) Chrome/41.0.2272.118 Safari/537.36"
66.249.83.193 - - [30/Jul/2018:09:58:59 -0400] "GET / HTTP/1.1" 200 8051 "-" "Mozilla/5.0 (X11; Linux x86_64) AppleWebKit/537.36 (KHTML, like Gecko) Chrome/49.0.2623.75 Safari/537.36 Google Favicon"
66.249.83.195 - - [30/Jul/2018:09:58:59 -0400] "GET /favicon.ico HTTP/1.1" 404 6942 "-" "Mozilla/5.0 (X11; Linux x86_64) AppleWebKit/537.36 (KHTML, like Gecko) Chrome/49.0.2623.75 Safari/537.36 Google Favicon"
168.194.162.157 - - [30/Jul/2018:09:59:32 -0400] "GET / HTTP/1.1" 200 8066 "https://www.facebook.com/" "Mozilla/5.0 (Windows NT 6.1; Win64; x64; rv:61.0) Gecko/20100101 Firefox/61.0"
168.194.162.157 - - [30/Jul/2018:09:59:32 -0400] "GET /css/normalize.css HTTP/1.1" 200 3049 "https://www.pandeco.com.br/" "Mozilla/5.0 (Windows NT 6.1; Win64; x64; rv:61.0) Gecko/20100101 Firefox/61.0"
168.194.162.157 - - [30/Jul/2018:09:59:32 -0400] "GET /css/reset.css HTTP/1.1" 200 873 "https://www.pandeco.com.br/" "Mozilla/5.0 (Windows NT 6.1; Win64; x64; rv:61.0) Gecko/20100101 Firefox/61.0"
168.194.162.157 - - [30/Jul/2018:09:59:33 -0400] "GET /css/grid.css HTTP/1.1" 200 1107 "https://www.pandeco.com.br/" "Mozilla/5.0 (Windows NT 6.1; Win64; x64; rv:61.0) Gecko/20100101 Firefox/61.0"
168.194.162.157 - - [30/Jul/2018:09:59:33 -0400] "GET /css/style.css HTTP/1.1" 200 1608 "https://www.pandeco.com.br/" "Mozilla/5.0 (Windows NT 6.1; Win64; x64; rv:61.0) Gecko/20100101 Firefox/61.0"
168.194.162.157 - - [30/Jul/2018:09:59:33 -0400] "GET /css/responsivo.css HTTP/1.1" 200 1018 "https://www.pandeco.com.br/" "Mozilla/5.0 (Windows NT 6.1; Win64; x64; rv:61.0) Gecko/20100101 Firefox/61.0"
168.194.162.157 - - [30/Jul/2018:09:59:33 -0400] "GET /img/icones/facebook.png HTTP/1.1" 200 1432 "https://www.pandeco.com.br/" "Mozilla/5.0 (Windows NT 6.1; Win64; x64; rv:61.0) Gecko/20100101 Firefox/61.0"
168.194.162.157 - - [30/Jul/2018:09:59:33 -0400] "GET /img/icones/instagram.png HTTP/1.1" 200 1812 "https://www.pandeco.com.br/" "Mozilla/5.0 (Windows NT 6.1; Win64; x64; rv:61.0) Gecko/20100101 Firefox/61.0"
168.194.162.157 - - [30/Jul/2018:09:59:33 -0400] "GET /img/produtos/fitness.jpg HTTP/1.1" 200 39375 "https://www.pandeco.com.br/" "Mozilla/5.0 (Windows NT 6.1; Win64; x64; rv:61.0) Gecko/20100101 Firefox/61.0"
168.194.162.157 - - [30/Jul/2018:09:59:34 -0400] "GET /fonts/SLANT.TTF HTTP/1.1" 200 22150 "https://www.pandeco.com.br/css/style.css" "Mozilla/5.0 (Windows NT 6.1; Win64; x64; rv:61.0) Gecko/20100101 Firefox/61.0"
168.194.162.157 - - [30/Jul/2018:09:59:34 -0400] "GET /img/bg.jpg HTTP/1.1" 200 183812 "https://www.pandeco.com.br/css/style.css" "Mozilla/5.0 (Windows NT 6.1; Win64; x64; rv:61.0) Gecko/20100101 Firefox/61.0"
168.194.162.157 - - [30/Jul/2018:09:59:35 -0400] "GET /favicon.ico HTTP/1.1" 404 568 "-" "Mozilla/5.0 (Windows NT 6.1; Win64; x64; rv:61.0) Gecko/20100101 Firefox/61.0"
168.194.162.157 - - [30/Jul/2018:09:59:35 -0400] "GET /favicon.ico HTTP/1.1" 404 568 "-" "Mozilla/5.0 (Windows NT 6.1; Win64; x64; rv:61.0) Gecko/20100101 Firefox/61.0"
168.194.162.157 - - [30/Jul/2018:09:59:51 -0400] "GET /desenvolvimento.html HTTP/1.1" 200 1650 "https://www.pandeco.com.br/" "Mozilla/5.0 (Windows NT 6.1; Win64; x64; rv:61.0) Gecko/20100101 Firefox/61.0"
168.194.162.157 - - [30/Jul/2018:09:59:52 -0400] "GET /css/contato.css HTTP/1.1" 200 996 "https://www.pandeco.com.br/desenvolvimento.html" "Mozilla/5.0 (Windows NT 6.1; Win64; x64; rv:61.0) Gecko/20100101 Firefox/61.0"
168.194.162.157 - - [30/Jul/2018:09:59:52 -0400] "GET /css/desenvolvimento.css HTTP/1.1" 200 777 "https://www.pandeco.com.br/desenvolvimento.html" "Mozilla/5.0 (Windows NT 6.1; Win64; x64; rv:61.0) Gecko/20100101 Firefox/61.0"
168.194.162.157 - - [30/Jul/2018:10:00:03 -0400] "GET /pedido.html HTTP/1.1" 404 721 "https://www.pandeco.com.br/desenvolvimento.html" "Mozilla/5.0 (Windows NT 6.1; Win64; x64; rv:61.0) Gecko/20100101 Firefox/61.0"
168.194.161.129 - - [30/Jul/2018:10:16:54 -0400] "GET / HTTP/1.1" 200 8066 "http://www.pandeco.com.br/" "Mozilla/5.0 (Windows NT 6.3; Win64; x64) AppleWebKit/537.36 (KHTML, like Gecko) Chrome/67.0.3396.99 Safari/537.36"
168.194.161.129 - - [30/Jul/2018:10:16:54 -0400] "GET /css/normalize.css HTTP/1.1" 200 3049 "https://www.pandeco.com.br/" "Mozilla/5.0 (Windows NT 6.3; Win64; x64) AppleWebKit/537.36 (KHTML, like Gecko) Chrome/67.0.3396.99 Safari/537.36"
168.194.161.129 - - [30/Jul/2018:10:16:54 -0400] "GET /css/grid.css HTTP/1.1" 200 954 "https://www.pandeco.com.br/" "Mozilla/5.0 (Windows NT 6.3; Win64; x64) AppleWebKit/537.36 (KHTML, like Gecko) Chrome/67.0.3396.99 Safari/537.36"
168.194.161.129 - - [30/Jul/2018:10:16:55 -0400] "GET /css/reset.css HTTP/1.1" 200 720 "https://www.pandeco.com.br/" "Mozilla/5.0 (Windows NT 6.3; Win64; x64) AppleWebKit/537.36 (KHTML, like Gecko) Chrome/67.0.3396.99 Safari/537.36"
168.194.161.129 - - [30/Jul/2018:10:16:55 -0400] "GET /css/style.css HTTP/1.1" 200 1608 "https://www.pandeco.com.br/" "Mozilla/5.0 (Windows NT 6.3; Win64; x64) AppleWebKit/537.36 (KHTML, like Gecko) Chrome/67.0.3396.99 Safari/537.36"
168.194.161.129 - - [30/Jul/2018:10:16:55 -0400] "GET /css/responsivo.css HTTP/1.1" 200 1018 "https://www.pandeco.com.br/" "Mozilla/5.0 (Windows NT 6.3; Win64; x64) AppleWebKit/537.36 (KHTML, like Gecko) Chrome/67.0.3396.99 Safari/537.36"
168.194.161.129 - - [30/Jul/2018:10:16:55 -0400] "GET /img/icones/instagram.png HTTP/1.1" 304 362 "https://www.pandeco.com.br/" "Mozilla/5.0 (Windows NT 6.3; Win64; x64) AppleWebKit/537.36 (KHTML, like Gecko) Chrome/67.0.3396.99 Safari/537.36"
168.194.161.129 - - [30/Jul/2018:10:16:55 -0400] "GET /img/icones/facebook.png HTTP/1.1" 304 209 "https://www.pandeco.com.br/" "Mozilla/5.0 (Windows NT 6.3; Win64; x64) AppleWebKit/537.36 (KHTML, like Gecko) Chrome/67.0.3396.99 Safari/537.36"
168.194.161.129 - - [30/Jul/2018:10:16:55 -0400] "GET /img/produtos/fitness.jpg HTTP/1.1" 304 210 "https://www.pandeco.com.br/" "Mozilla/5.0 (Windows NT 6.3; Win64; x64) AppleWebKit/537.36 (KHTML, like Gecko) Chrome/67.0.3396.99 Safari/537.36"
168.194.161.129 - - [30/Jul/2018:10:16:55 -0400] "GET /img/bg.jpg HTTP/1.1" 304 211 "https://www.pandeco.com.br/css/style.css" "Mozilla/5.0 (Windows NT 6.3; Win64; x64) AppleWebKit/537.36 (KHTML, like Gecko) Chrome/67.0.3396.99 Safari/537.36"
168.194.161.129 - - [30/Jul/2018:10:16:55 -0400] "GET /fonts/SLANT.TTF HTTP/1.1" 304 210 "https://www.pandeco.com.br/css/style.css" "Mozilla/5.0 (Windows NT 6.3; Win64; x64) AppleWebKit/537.36 (KHTML, like Gecko) Chrome/67.0.3396.99 Safari/537.36"
168.194.161.129 - - [30/Jul/2018:10:16:55 -0400] "GET /favicon.ico HTTP/1.1" 404 568 "https://www.pandeco.com.br/" "Mozilla/5.0 (Windows NT 6.3; Win64; x64) AppleWebKit/537.36 (KHTML, like Gecko) Chrome/67.0.3396.99 Safari/537.36"
184.105.139.69 - - [30/Jul/2018:10:41:35 -0400] "GET / HTTP/1.1" 200 9816 "-" "-"
66.249.65.125 - - [30/Jul/2018:10:57:57 -0400] "GET /desenvolvimento.html HTTP/1.1" 304 6583 "-" "Mozilla/5.0 (compatible; Googlebot/2.1; +http://www.google.com/bot.html)"
66.249.65.125 - - [30/Jul/2018:11:00:44 -0400] "GET /manual/en/mod/mod_echo.html HTTP/1.1" 200 9091 "-" "Mozilla/5.0 (compatible; Googlebot/2.1; +http://www.google.com/bot.html)"
66.249.65.125 - - [30/Jul/2018:11:07:59 -0400] "GET /desenvolvimento.html HTTP/1.1" 304 6583 "-" "Mozilla/5.0 (Linux; Android 6.0.1; Nexus 5X Build/MMB29P) AppleWebKit/537.36 (KHTML, like Gecko) Chrome/41.0.2272.96 Mobile Safari/537.36 (compatible; Googlebot/2.1; +http://www.google.com/bot.html)"
66.249.65.123 - - [30/Jul/2018:12:16:30 -0400] "GET /robots.txt HTTP/1.1" 404 6941 "-" "Mozilla/5.0 (compatible; Googlebot/2.1; +http://www.google.com/bot.html)"
66.249.65.127 - - [30/Jul/2018:12:16:30 -0400] "GET /sobre.html HTTP/1.1" 404 6941 "-" "Mozilla/5.0 (compatible; Googlebot/2.1; +http://www.google.com/bot.html)"
67.21.36.3 - - [30/Jul/2018:12:34:44 -0400] "GET /robots.txt HTTP/1.1" 404 6681 "-" "Mozilla/5.0 zgrab/0.x"
66.249.65.123 - - [30/Jul/2018:13:25:20 -0400] "GET /index.html HTTP/1.1" 200 8051 "-" "Mozilla/5.0 (compatible; Googlebot/2.1; +http://www.google.com/bot.html)"
51.38.12.13 - - [30/Jul/2018:13:29:16 -0400] "GET / HTTP/1.1" 200 10546 "-" "Mozilla/5.0 (Windows NT 6.1) AppleWebKit/537.36 (KHTML, like Gecko) Chrome/41.0.2228.0 Safari/537.36"
66.249.65.123 - - [30/Jul/2018:14:41:07 -0400] "GET /contato.html HTTP/1.1" 200 8022 "-" "Mozilla/5.0 (compatible; Googlebot/2.1; +http://www.google.com/bot.html)"
66.249.65.125 - - [30/Jul/2018:15:17:07 -0400] "GET /robots.txt HTTP/1.1" 404 6941 "-" "Mozilla/5.0 (compatible; Googlebot/2.1; +http://www.google.com/bot.html)"
66.249.65.123 - - [30/Jul/2018:15:17:09 -0400] "GET / HTTP/1.1" 200 8051 "-" "Mozilla/5.0 (compatible; Googlebot/2.1; +http://www.google.com/bot.html)"
66.249.65.123 - - [30/Jul/2018:15:56:54 -0400] "GET /desenvolvimento.html HTTP/1.1" 200 7871 "-" "Mozilla/5.0 (compatible; Googlebot/2.1; +http://www.google.com/bot.html)"
66.249.65.123 - - [30/Jul/2018:17:12:43 -0400] "GET /manual/tr/rewrite/tech.html HTTP/1.1" 200 11308 "-" "Mozilla/5.0 (compatible; Googlebot/2.1; +http://www.google.com/bot.html)"
66.249.65.125 - - [30/Jul/2018:17:29:25 -0400] "GET / HTTP/1.1" 200 8051 "-" "Mozilla/5.0 (Linux; Android 6.0.1; Nexus 5X Build/MMB29P) AppleWebKit/537.36 (KHTML, like Gecko) Chrome/41.0.2272.96 Mobile Safari/537.36 (compatible; Googlebot/2.1; +http://www.google.com/bot.html)"
66.249.65.127 - - [30/Jul/2018:18:28:29 -0400] "GET /manual/da/mod/mod_ldap.html HTTP/1.1" 200 17967 "-" "Mozilla/5.0 (compatible; Googlebot/2.1; +http://www.google.com/bot.html)"
66.249.65.127 - - [30/Jul/2018:18:35:47 -0400] "GET / HTTP/1.1" 200 8051 "-" "Mozilla/5.0 (compatible; Googlebot/2.1; +http://www.google.com/bot.html)"
66.249.65.127 - - [30/Jul/2018:19:44:16 -0400] "GET /manual/da/mod/mod_info.html HTTP/1.1" 200 10886 "-" "Mozilla/5.0 (compatible; Googlebot/2.1; +http://www.google.com/bot.html)"
66.249.65.123 - - [30/Jul/2018:20:13:36 -0400] "GET / HTTP/1.1" 200 8051 "-" "Mozilla/5.0 (Linux; Android 6.0.1; Nexus 5X Build/MMB29P) AppleWebKit/537.36 (KHTML, like Gecko) Chrome/41.0.2272.96 Mobile Safari/537.36 (compatible; Googlebot/2.1; +http://www.google.com/bot.html)"
192.241.202.72 - - [30/Jul/2018:20:29:41 -0400] "GET / HTTP/1.1" 200 7796 "-" "Mozilla/5.0 zgrab/0.x"
66.249.65.123 - - [30/Jul/2018:20:39:15 -0400] "GET / HTTP/1.1" 200 8051 "-" "Mozilla/5.0 (compatible; Googlebot/2.1; +http://www.google.com/bot.html)"
66.249.65.125 - - [30/Jul/2018:20:44:06 -0400] "GET /desenvolvimento.html HTTP/1.1" 304 6583 "-" "Mozilla/5.0 (compatible; Googlebot/2.1; +http://www.google.com/bot.html)"
66.249.65.123 - - [30/Jul/2018:21:00:03 -0400] "GET /manual/tr/mod/mpmt_os2.html HTTP/1.1" 200 9238 "-" "Mozilla/5.0 (compatible; Googlebot/2.1; +http://www.google.com/bot.html)"
66.249.65.125 - - [30/Jul/2018:21:55:34 -0400] "GET / HTTP/1.1" 200 8051 "-" "Mozilla/5.0 (compatible; Googlebot/2.1; +http://www.google.com/bot.html)"
66.249.65.123 - - [30/Jul/2018:22:15:47 -0400] "GET /desenvolvimento.html HTTP/1.1" 304 6583 "-" "Mozilla/5.0 (compatible; Googlebot/2.1; +http://www.google.com/bot.html)"
66.249.65.125 - - [30/Jul/2018:22:15:49 -0400] "GET /manual/tr/mod/mod_echo.html HTTP/1.1" 200 9091 "-" "Mozilla/5.0 (compatible; Googlebot/2.1; +http://www.google.com/bot.html)"
66.249.65.127 - - [30/Jul/2018:23:31:37 -0400] "GET /manual/tr/mod/mod_mime.html HTTP/1.1" 200 19122 "-" "Mozilla/5.0 (compatible; Googlebot/2.1; +http://www.google.com/bot.html)"
66.249.65.125 - - [31/Jul/2018:00:28:09 -0400] "GET /robots.txt HTTP/1.1" 404 6941 "-" "Mozilla/5.0 (compatible; Googlebot/2.1; +http://www.google.com/bot.html)"
54.212.208.10 - - [31/Jul/2018:00:32:50 -0400] "GET / HTTP/1.1" 200 7994 "-" "Mozilla/5.0 (Macintosh; Intel Mac OS X 10_11_5) AppleWebKit/537.36 (KHTML, like Gecko) Chrome/50.0.2661.102 Safari/537.36"
66.249.65.125 - - [31/Jul/2018:00:47:23 -0400] "GET /pedido.html HTTP/1.1" 404 6942 "-" "Mozilla/5.0 (compatible; Googlebot/2.1; +http://www.google.com/bot.html)"
66.249.65.127 - - [31/Jul/2018:00:48:37 -0400] "GET / HTTP/1.1" 200 8051 "-" "Mozilla/5.0 (Linux; Android 6.0.1; Nexus 5X Build/MMB29P) AppleWebKit/537.36 (KHTML, like Gecko) Chrome/41.0.2272.96 Mobile Safari/537.36 (compatible; Googlebot/2.1; +http://www.google.com/bot.html)"
66.249.65.123 - - [31/Jul/2018:01:14:09 -0400] "GET / HTTP/1.1" 200 8051 "-" "Mozilla/5.0 (compatible; Googlebot/2.1; +http://www.google.com/bot.html)"
66.249.65.123 - - [31/Jul/2018:02:03:11 -0400] "GET /manual/da/howto/access.html HTTP/1.1" 200 10985 "-" "Mozilla/5.0 (compatible; Googlebot/2.1; +http://www.google.com/bot.html)"
66.249.65.127 - - [31/Jul/2018:02:05:19 -0400] "GET / HTTP/1.1" 200 8051 "-" "Mozilla/5.0 (Linux; Android 6.0.1; Nexus 5X Build/MMB29P) AppleWebKit/537.36 (KHTML, like Gecko) Chrome/41.0.2272.96 Mobile Safari/537.36 (compatible; Googlebot/2.1; +http://www.google.com/bot.html)"
218.211.168.176 - - [31/Jul/2018:02:54:12 -0400] "GET / HTTP/1.0" 400 0 "-" "-"
66.249.65.125 - - [31/Jul/2018:03:01:00 -0400] "GET / HTTP/1.1" 200 8051 "-" "Mozilla/5.0 (compatible; Googlebot/2.1; +http://www.google.com/bot.html)"
66.249.65.123 - - [31/Jul/2018:03:10:58 -0400] "GET / HTTP/1.1" 200 8051 "-" "Mozilla/5.0 (Linux; Android 6.0.1; Nexus 5X Build/MMB29P) AppleWebKit/537.36 (KHTML, like Gecko) Chrome/41.0.2272.96 Mobile Safari/537.36 (compatible; Googlebot/2.1; +http://www.google.com/bot.html)"
66.249.65.123 - - [31/Jul/2018:03:18:57 -0400] "GET /robots.txt HTTP/1.1" 404 6941 "-" "Mozilla/5.0 (compatible; Googlebot/2.1; +http://www.google.com/bot.html)"
66.249.65.127 - - [31/Jul/2018:03:18:58 -0400] "GET /manual/tr/mod/mod_cgid.html HTTP/1.1" 200 10182 "-" "Mozilla/5.0 (compatible; Googlebot/2.1; +http://www.google.com/bot.html)"
66.249.65.123 - - [31/Jul/2018:03:36:39 -0400] "GET /desenvolvimento.html HTTP/1.1" 304 6583 "-" "Mozilla/5.0 (compatible; Googlebot/2.1; +http://www.google.com/bot.html)"
66.249.65.125 - - [31/Jul/2018:04:34:45 -0400] "GET /manual/ko/mod/mpmt_os2.html HTTP/1.1" 200 9238 "-" "Mozilla/5.0 (compatible; Googlebot/2.1; +http://www.google.com/bot.html)"
66.249.65.123 - - [31/Jul/2018:05:49:19 -0400] "GET / HTTP/1.1" 200 8051 "-" "Mozilla/5.0 (compatible; Googlebot/2.1; +http://www.google.com/bot.html)"
66.249.65.127 - - [31/Jul/2018:05:50:32 -0400] "GET /manual/ko/rewrite/tech.html HTTP/1.1" 200 11308 "-" "Mozilla/5.0 (compatible; Googlebot/2.1; +http://www.google.com/bot.html)"
66.249.65.123 - - [31/Jul/2018:06:19:47 -0400] "GET / HTTP/1.1" 200 8051 "-" "Mozilla/5.0 (Linux; Android 6.0.1; Nexus 5X Build/MMB29P) AppleWebKit/537.36 (KHTML, like Gecko) Chrome/41.0.2272.96 Mobile Safari/537.36 (compatible; Googlebot/2.1; +http://www.google.com/bot.html)"
66.249.65.127 - - [31/Jul/2018:06:24:50 -0400] "GET /desenvolvimento.html HTTP/1.1" 304 6583 "-" "Mozilla/5.0 (compatible; Googlebot/2.1; +http://www.google.com/bot.html)"
66.249.65.123 - - [31/Jul/2018:07:05:49 -0400] "GET /desenvolvimento.html HTTP/1.1" 304 6583 "-" "Mozilla/5.0 (Linux; Android 6.0.1; Nexus 5X Build/MMB29P) AppleWebKit/537.36 (KHTML, like Gecko) Chrome/41.0.2272.96 Mobile Safari/537.36 (compatible; Googlebot/2.1; +http://www.google.com/bot.html)"
66.249.65.127 - - [31/Jul/2018:07:06:18 -0400] "GET /manual/tr/mod/mod_ldap.html HTTP/1.1" 200 17967 "-" "Mozilla/5.0 (compatible; Googlebot/2.1; +http://www.google.com/bot.html)"
66.249.65.123 - - [31/Jul/2018:07:36:31 -0400] "GET /desenvolvimento.html HTTP/1.1" 304 6583 "-" "Mozilla/5.0 (compatible; Googlebot/2.1; +http://www.google.com/bot.html)"
71.6.202.204 - - [31/Jul/2018:07:46:07 -0400] "GET / HTTP/1.1" 200 7796 "-" "Mozilla/5.0 (Windows NT 10.0; WOW64) AppleWebKit/537.36 (KHTML, like Gecko) Chrome/67.0.3396.99 Safari/537.36"
66.249.65.123 - - [31/Jul/2018:08:17:09 -0400] "GET / HTTP/1.1" 200 8051 "-" "Mozilla/5.0 (compatible; Googlebot/2.1; +http://www.google.com/bot.html)"
66.249.65.123 - - [31/Jul/2018:08:22:06 -0400] "GET /manual/ko/mod/mod_auth.html HTTP/1.1" 404 6958 "-" "Mozilla/5.0 (compatible; Googlebot/2.1; +http://www.google.com/bot.html)"
66.249.65.123 - - [31/Jul/2018:08:37:16 -0400] "GET /desenvolvimento.html HTTP/1.1" 304 6583 "-" "Mozilla/5.0 (compatible; Googlebot/2.1; +http://www.google.com/bot.html)"
93.119.227.34 - - [31/Jul/2018:09:33:52 -0400] "GET / HTTP/1.1" 200 10030 "-" "Wget/1.13.4 (linux-gnu)"
66.249.65.125 - - [31/Jul/2018:09:37:54 -0400] "GET /manual/fr/mod/mod_ident.html HTTP/1.1" 200 9992 "-" "Mozilla/5.0 (compatible; Googlebot/2.1; +http://www.google.com/bot.html)"
192.160.188.2 - - [31/Jul/2018:10:15:33 -0400] "GET / HTTP/1.1" 200 8051 "-" "Mozilla/5.0 (Windows NT 6.1; Win64; x64) AppleWebKit/537.36 (KHTML, like Gecko) Chrome/67.0.3396.99 Safari/537.36"
192.160.188.2 - - [31/Jul/2018:10:15:33 -0400] "GET /css/normalize.css HTTP/1.1" 200 3049 "https://www.pandeco.com.br/" "Mozilla/5.0 (Windows NT 6.1; Win64; x64) AppleWebKit/537.36 (KHTML, like Gecko) Chrome/67.0.3396.99 Safari/537.36"
192.160.188.2 - - [31/Jul/2018:10:15:33 -0400] "GET /css/reset.css HTTP/1.1" 200 7094 "https://www.pandeco.com.br/" "Mozilla/5.0 (Windows NT 6.1; Win64; x64) AppleWebKit/537.36 (KHTML, like Gecko) Chrome/67.0.3396.99 Safari/537.36"
192.160.188.2 - - [31/Jul/2018:10:15:33 -0400] "GET /css/grid.css HTTP/1.1" 200 954 "https://www.pandeco.com.br/" "Mozilla/5.0 (Windows NT 6.1; Win64; x64) AppleWebKit/537.36 (KHTML, like Gecko) Chrome/67.0.3396.99 Safari/537.36"
192.160.188.2 - - [31/Jul/2018:10:15:33 -0400] "GET /css/style.css HTTP/1.1" 200 1455 "https://www.pandeco.com.br/" "Mozilla/5.0 (Windows NT 6.1; Win64; x64) AppleWebKit/537.36 (KHTML, like Gecko) Chrome/67.0.3396.99 Safari/537.36"
192.160.188.2 - - [31/Jul/2018:10:15:33 -0400] "GET /css/responsivo.css HTTP/1.1" 200 865 "https://www.pandeco.com.br/" "Mozilla/5.0 (Windows NT 6.1; Win64; x64) AppleWebKit/537.36 (KHTML, like Gecko) Chrome/67.0.3396.99 Safari/537.36"
192.160.188.2 - - [31/Jul/2018:10:15:34 -0400] "GET /img/icones/facebook.png HTTP/1.1" 200 7806 "https://www.pandeco.com.br/" "Mozilla/5.0 (Windows NT 6.1; Win64; x64) AppleWebKit/537.36 (KHTML, like Gecko) Chrome/67.0.3396.99 Safari/537.36"
192.160.188.2 - - [31/Jul/2018:10:15:33 -0400] "GET /img/produtos/fitness.jpg HTTP/1.1" 200 39375 "https://www.pandeco.com.br/" "Mozilla/5.0 (Windows NT 6.1; Win64; x64) AppleWebKit/537.36 (KHTML, like Gecko) Chrome/67.0.3396.99 Safari/537.36"
192.160.188.2 - - [31/Jul/2018:10:15:34 -0400] "GET /img/icones/instagram.png HTTP/1.1" 200 1812 "https://www.pandeco.com.br/" "Mozilla/5.0 (Windows NT 6.1; Win64; x64) AppleWebKit/537.36 (KHTML, like Gecko) Chrome/67.0.3396.99 Safari/537.36"
192.160.188.2 - - [31/Jul/2018:10:15:34 -0400] "GET /fonts/SLANT.TTF HTTP/1.1" 200 22150 "https://www.pandeco.com.br/css/style.css" "Mozilla/5.0 (Windows NT 6.1; Win64; x64) AppleWebKit/537.36 (KHTML, like Gecko) Chrome/67.0.3396.99 Safari/537.36"
192.160.188.2 - - [31/Jul/2018:10:15:34 -0400] "GET /img/bg.jpg HTTP/1.1" 200 183812 "https://www.pandeco.com.br/css/style.css" "Mozilla/5.0 (Windows NT 6.1; Win64; x64) AppleWebKit/537.36 (KHTML, like Gecko) Chrome/67.0.3396.99 Safari/537.36"
192.160.188.2 - - [31/Jul/2018:10:15:36 -0400] "GET /favicon.ico HTTP/1.1" 404 568 "https://www.pandeco.com.br/" "Mozilla/5.0 (Windows NT 6.1; Win64; x64) AppleWebKit/537.36 (KHTML, like Gecko) Chrome/67.0.3396.99 Safari/537.36"
168.194.161.129 - - [31/Jul/2018:10:42:44 -0400] "GET / HTTP/1.1" 200 8066 "http://www.pandeco.com.br/" "Mozilla/5.0 (Windows NT 6.3; Win64; x64) AppleWebKit/537.36 (KHTML, like Gecko) Chrome/67.0.3396.99 Safari/537.36"
168.194.161.129 - - [31/Jul/2018:10:42:44 -0400] "GET /css/normalize.css HTTP/1.1" 200 3049 "https://www.pandeco.com.br/" "Mozilla/5.0 (Windows NT 6.3; Win64; x64) AppleWebKit/537.36 (KHTML, like Gecko) Chrome/67.0.3396.99 Safari/537.36"
168.194.161.129 - - [31/Jul/2018:10:42:44 -0400] "GET /css/responsivo.css HTTP/1.1" 200 865 "https://www.pandeco.com.br/" "Mozilla/5.0 (Windows NT 6.3; Win64; x64) AppleWebKit/537.36 (KHTML, like Gecko) Chrome/67.0.3396.99 Safari/537.36"
168.194.161.129 - - [31/Jul/2018:10:42:44 -0400] "GET /css/reset.css HTTP/1.1" 200 720 "https://www.pandeco.com.br/" "Mozilla/5.0 (Windows NT 6.3; Win64; x64) AppleWebKit/537.36 (KHTML, like Gecko) Chrome/67.0.3396.99 Safari/537.36"
168.194.161.129 - - [31/Jul/2018:10:42:44 -0400] "GET /css/grid.css HTTP/1.1" 200 1107 "https://www.pandeco.com.br/" "Mozilla/5.0 (Windows NT 6.3; Win64; x64) AppleWebKit/537.36 (KHTML, like Gecko) Chrome/67.0.3396.99 Safari/537.36"
168.194.161.129 - - [31/Jul/2018:10:42:44 -0400] "GET /css/style.css HTTP/1.1" 200 1608 "https://www.pandeco.com.br/" "Mozilla/5.0 (Windows NT 6.3; Win64; x64) AppleWebKit/537.36 (KHTML, like Gecko) Chrome/67.0.3396.99 Safari/537.36"
168.194.161.129 - - [31/Jul/2018:10:42:44 -0400] "GET /img/produtos/fitness.jpg HTTP/1.1" 304 363 "https://www.pandeco.com.br/" "Mozilla/5.0 (Windows NT 6.3; Win64; x64) AppleWebKit/537.36 (KHTML, like Gecko) Chrome/67.0.3396.99 Safari/537.36"
168.194.161.129 - - [31/Jul/2018:10:42:44 -0400] "GET /img/icones/instagram.png HTTP/1.1" 304 209 "https://www.pandeco.com.br/" "Mozilla/5.0 (Windows NT 6.3; Win64; x64) AppleWebKit/537.36 (KHTML, like Gecko) Chrome/67.0.3396.99 Safari/537.36"
168.194.161.129 - - [31/Jul/2018:10:42:45 -0400] "GET /img/icones/facebook.png HTTP/1.1" 304 209 "https://www.pandeco.com.br/" "Mozilla/5.0 (Windows NT 6.3; Win64; x64) AppleWebKit/537.36 (KHTML, like Gecko) Chrome/67.0.3396.99 Safari/537.36"
168.194.161.129 - - [31/Jul/2018:10:42:45 -0400] "GET /fonts/SLANT.TTF HTTP/1.1" 304 210 "https://www.pandeco.com.br/css/style.css" "Mozilla/5.0 (Windows NT 6.3; Win64; x64) AppleWebKit/537.36 (KHTML, like Gecko) Chrome/67.0.3396.99 Safari/537.36"
168.194.161.129 - - [31/Jul/2018:10:42:45 -0400] "GET /img/bg.jpg HTTP/1.1" 304 211 "https://www.pandeco.com.br/css/style.css" "Mozilla/5.0 (Windows NT 6.3; Win64; x64) AppleWebKit/537.36 (KHTML, like Gecko) Chrome/67.0.3396.99 Safari/537.36"
168.194.161.129 - - [31/Jul/2018:10:42:45 -0400] "GET /favicon.ico HTTP/1.1" 404 568 "https://www.pandeco.com.br/" "Mozilla/5.0 (Windows NT 6.3; Win64; x64) AppleWebKit/537.36 (KHTML, like Gecko) Chrome/67.0.3396.99 Safari/537.36"
168.194.161.129 - - [31/Jul/2018:10:44:18 -0400] "GET /contato.html HTTP/1.1" 200 1801 "https://www.pandeco.com.br/" "Mozilla/5.0 (Windows NT 6.3; Win64; x64) AppleWebKit/537.36 (KHTML, like Gecko) Chrome/67.0.3396.99 Safari/537.36"
168.194.161.129 - - [31/Jul/2018:10:44:18 -0400] "GET /css/contato.css HTTP/1.1" 200 996 "https://www.pandeco.com.br/contato.html" "Mozilla/5.0 (Windows NT 6.3; Win64; x64) AppleWebKit/537.36 (KHTML, like Gecko) Chrome/67.0.3396.99 Safari/537.36"
168.194.161.129 - - [31/Jul/2018:10:44:27 -0400] "GET /pedido.html HTTP/1.1" 404 721 "https://www.pandeco.com.br/contato.html" "Mozilla/5.0 (Windows NT 6.3; Win64; x64) AppleWebKit/537.36 (KHTML, like Gecko) Chrome/67.0.3396.99 Safari/537.36"
168.194.161.129 - - [31/Jul/2018:10:44:29 -0400] "GET /index.html HTTP/1.1" 200 1677 "https://www.pandeco.com.br/contato.html" "Mozilla/5.0 (Windows NT 6.3; Win64; x64) AppleWebKit/537.36 (KHTML, like Gecko) Chrome/67.0.3396.99 Safari/537.36"
189.40.69.119 - - [31/Jul/2018:10:46:29 -0400] "GET /favicon.ico HTTP/1.1" 404 6957 "http://www.pandeco.com.br/" "Mozilla/5.0 (Linux; Android 6.0; MotoG3 Build/MPIS24.65-33.1-2-16) AppleWebKit/537.36 (KHTML, like Gecko) Chrome/67.0.3396.87 Mobile Safari/537.36"
189.40.69.119 - - [31/Jul/2018:10:47:30 -0400] "GET / HTTP/1.1" 200 8066 "-" "Mozilla/5.0 (Linux; Android 6.0; MotoG3 Build/MPIS24.65-33.1-2-16) AppleWebKit/537.36 (KHTML, like Gecko) Chrome/67.0.3396.87 Mobile Safari/537.36"
189.40.69.119 - - [31/Jul/2018:10:47:55 -0400] "GET / HTTP/1.1" 200 8066 "-" "Mozilla/5.0 (Linux; Android 6.0; MotoG3 Build/MPIS24.65-33.1-2-16) AppleWebKit/537.36 (KHTML, like Gecko) Chrome/67.0.3396.87 Mobile Safari/537.36"
189.40.69.119 - - [31/Jul/2018:10:47:56 -0400] "GET /css/normalize.css HTTP/1.1" 200 3049 "https://www.pandeco.com.br/" "Mozilla/5.0 (Linux; Android 6.0; MotoG3 Build/MPIS24.65-33.1-2-16) AppleWebKit/537.36 (KHTML, like Gecko) Chrome/67.0.3396.87 Mobile Safari/537.36"
189.40.69.119 - - [31/Jul/2018:10:47:56 -0400] "GET /css/reset.css HTTP/1.1" 200 7109 "https://www.pandeco.com.br/" "Mozilla/5.0 (Linux; Android 6.0; MotoG3 Build/MPIS24.65-33.1-2-16) AppleWebKit/537.36 (KHTML, like Gecko) Chrome/67.0.3396.87 Mobile Safari/537.36"
189.40.69.119 - - [31/Jul/2018:10:47:56 -0400] "GET /css/grid.css HTTP/1.1" 200 954 "https://www.pandeco.com.br/" "Mozilla/5.0 (Linux; Android 6.0; MotoG3 Build/MPIS24.65-33.1-2-16) AppleWebKit/537.36 (KHTML, like Gecko) Chrome/67.0.3396.87 Mobile Safari/537.36"
189.40.69.119 - - [31/Jul/2018:10:47:56 -0400] "GET /css/style.css HTTP/1.1" 200 1455 "https://www.pandeco.com.br/" "Mozilla/5.0 (Linux; Android 6.0; MotoG3 Build/MPIS24.65-33.1-2-16) AppleWebKit/537.36 (KHTML, like Gecko) Chrome/67.0.3396.87 Mobile Safari/537.36"
189.40.69.119 - - [31/Jul/2018:10:47:56 -0400] "GET /css/responsivo.css HTTP/1.1" 200 865 "https://www.pandeco.com.br/" "Mozilla/5.0 (Linux; Android 6.0; MotoG3 Build/MPIS24.65-33.1-2-16) AppleWebKit/537.36 (KHTML, like Gecko) Chrome/67.0.3396.87 Mobile Safari/537.36"
189.40.69.119 - - [31/Jul/2018:10:47:57 -0400] "GET /img/produtos/fitness.jpg HTTP/1.1" 200 39375 "https://www.pandeco.com.br/" "Mozilla/5.0 (Linux; Android 6.0; MotoG3 Build/MPIS24.65-33.1-2-16) AppleWebKit/537.36 (KHTML, like Gecko) Chrome/67.0.3396.87 Mobile Safari/537.36"
189.40.69.119 - - [31/Jul/2018:10:48:03 -0400] "GET /favicon.ico HTTP/1.1" 404 721 "https://www.pandeco.com.br/" "Mozilla/5.0 (Linux; Android 6.0; MotoG3 Build/MPIS24.65-33.1-2-16) AppleWebKit/537.36 (KHTML, like Gecko) Chrome/67.0.3396.87 Mobile Safari/537.36"
189.40.69.119 - - [31/Jul/2018:10:48:03 -0400] "GET /img/bg-mobile.jpg HTTP/1.1" 200 106600 "https://www.pandeco.com.br/css/responsivo.css" "Mozilla/5.0 (Linux; Android 6.0; MotoG3 Build/MPIS24.65-33.1-2-16) AppleWebKit/537.36 (KHTML, like Gecko) Chrome/67.0.3396.87 Mobile Safari/537.36"
192.160.188.2 - - [31/Jul/2018:10:50:19 -0400] "GET / HTTP/1.1" 200 8051 "-" "Mozilla/5.0 (Windows NT 6.1; Win64; x64) AppleWebKit/537.36 (KHTML, like Gecko) Chrome/67.0.3396.99 Safari/537.36"
192.160.188.2 - - [31/Jul/2018:10:50:19 -0400] "GET /css/reset.css HTTP/1.1" 200 7094 "https://www.pandeco.com.br/" "Mozilla/5.0 (Windows NT 6.1; Win64; x64) AppleWebKit/537.36 (KHTML, like Gecko) Chrome/67.0.3396.99 Safari/537.36"
192.160.188.2 - - [31/Jul/2018:10:50:19 -0400] "GET /css/normalize.css HTTP/1.1" 200 3049 "https://www.pandeco.com.br/" "Mozilla/5.0 (Windows NT 6.1; Win64; x64) AppleWebKit/537.36 (KHTML, like Gecko) Chrome/67.0.3396.99 Safari/537.36"
192.160.188.2 - - [31/Jul/2018:10:50:19 -0400] "GET /css/grid.css HTTP/1.1" 200 7328 "https://www.pandeco.com.br/" "Mozilla/5.0 (Windows NT 6.1; Win64; x64) AppleWebKit/537.36 (KHTML, like Gecko) Chrome/67.0.3396.99 Safari/537.36"
192.160.188.2 - - [31/Jul/2018:10:50:19 -0400] "GET /css/style.css HTTP/1.1" 200 7829 "https://www.pandeco.com.br/" "Mozilla/5.0 (Windows NT 6.1; Win64; x64) AppleWebKit/537.36 (KHTML, like Gecko) Chrome/67.0.3396.99 Safari/537.36"
192.160.188.2 - - [31/Jul/2018:10:50:19 -0400] "GET /css/responsivo.css HTTP/1.1" 200 7239 "https://www.pandeco.com.br/" "Mozilla/5.0 (Windows NT 6.1; Win64; x64) AppleWebKit/537.36 (KHTML, like Gecko) Chrome/67.0.3396.99 Safari/537.36"
192.160.188.2 - - [31/Jul/2018:10:50:19 -0400] "GET /img/produtos/fitness.jpg HTTP/1.1" 304 210 "https://www.pandeco.com.br/" "Mozilla/5.0 (Windows NT 6.1; Win64; x64) AppleWebKit/537.36 (KHTML, like Gecko) Chrome/67.0.3396.99 Safari/537.36"
192.160.188.2 - - [31/Jul/2018:10:50:19 -0400] "GET /img/icones/facebook.png HTTP/1.1" 304 209 "https://www.pandeco.com.br/" "Mozilla/5.0 (Windows NT 6.1; Win64; x64) AppleWebKit/537.36 (KHTML, like Gecko) Chrome/67.0.3396.99 Safari/537.36"
192.160.188.2 - - [31/Jul/2018:10:50:19 -0400] "GET /img/icones/instagram.png HTTP/1.1" 304 209 "https://www.pandeco.com.br/" "Mozilla/5.0 (Windows NT 6.1; Win64; x64) AppleWebKit/537.36 (KHTML, like Gecko) Chrome/67.0.3396.99 Safari/537.36"
192.160.188.2 - - [31/Jul/2018:10:50:19 -0400] "GET /img/bg.jpg HTTP/1.1" 304 211 "https://www.pandeco.com.br/css/style.css" "Mozilla/5.0 (Windows NT 6.1; Win64; x64) AppleWebKit/537.36 (KHTML, like Gecko) Chrome/67.0.3396.99 Safari/537.36"
192.160.188.2 - - [31/Jul/2018:10:50:19 -0400] "GET /fonts/SLANT.TTF HTTP/1.1" 304 210 "https://www.pandeco.com.br/css/style.css" "Mozilla/5.0 (Windows NT 6.1; Win64; x64) AppleWebKit/537.36 (KHTML, like Gecko) Chrome/67.0.3396.99 Safari/537.36"
192.160.188.2 - - [31/Jul/2018:10:50:19 -0400] "GET /favicon.ico HTTP/1.1" 404 568 "https://www.pandeco.com.br/" "Mozilla/5.0 (Windows NT 6.1; Win64; x64) AppleWebKit/537.36 (KHTML, like Gecko) Chrome/67.0.3396.99 Safari/537.36"
177.79.71.7 - - [31/Jul/2018:10:51:48 -0400] "GET / HTTP/1.1" 200 8066 "-" "Mozilla/5.0 (Linux; Android 7.0; Moto G (4) Build/NPJS25.93-14-18) AppleWebKit/537.36 (KHTML, like Gecko) Chrome/67.0.3396.87 Mobile Safari/537.36"
177.79.71.7 - - [31/Jul/2018:10:51:48 -0400] "GET /css/normalize.css HTTP/1.1" 200 3049 "https://www.pandeco.com.br/" "Mozilla/5.0 (Linux; Android 7.0; Moto G (4) Build/NPJS25.93-14-18) AppleWebKit/537.36 (KHTML, like Gecko) Chrome/67.0.3396.87 Mobile Safari/537.36"
177.79.71.7 - - [31/Jul/2018:10:51:48 -0400] "GET /css/reset.css HTTP/1.1" 200 7109 "https://www.pandeco.com.br/" "Mozilla/5.0 (Linux; Android 7.0; Moto G (4) Build/NPJS25.93-14-18) AppleWebKit/537.36 (KHTML, like Gecko) Chrome/67.0.3396.87 Mobile Safari/537.36"
177.79.71.7 - - [31/Jul/2018:10:51:48 -0400] "GET /css/grid.css HTTP/1.1" 200 7343 "https://www.pandeco.com.br/" "Mozilla/5.0 (Linux; Android 7.0; Moto G (4) Build/NPJS25.93-14-18) AppleWebKit/537.36 (KHTML, like Gecko) Chrome/67.0.3396.87 Mobile Safari/537.36"
177.79.71.7 - - [31/Jul/2018:10:51:49 -0400] "GET /css/style.css HTTP/1.1" 200 1608 "https://www.pandeco.com.br/" "Mozilla/5.0 (Linux; Android 7.0; Moto G (4) Build/NPJS25.93-14-18) AppleWebKit/537.36 (KHTML, like Gecko) Chrome/67.0.3396.87 Mobile Safari/537.36"
177.79.71.7 - - [31/Jul/2018:10:51:49 -0400] "GET /css/responsivo.css HTTP/1.1" 200 865 "https://www.pandeco.com.br/" "Mozilla/5.0 (Linux; Android 7.0; Moto G (4) Build/NPJS25.93-14-18) AppleWebKit/537.36 (KHTML, like Gecko) Chrome/67.0.3396.87 Mobile Safari/537.36"
177.79.71.7 - - [31/Jul/2018:10:51:49 -0400] "GET /img/icones/facebook.png HTTP/1.1" 200 1432 "https://www.pandeco.com.br/" "Mozilla/5.0 (Linux; Android 7.0; Moto G (4) Build/NPJS25.93-14-18) AppleWebKit/537.36 (KHTML, like Gecko) Chrome/67.0.3396.87 Mobile Safari/537.36"
177.79.71.7 - - [31/Jul/2018:10:51:49 -0400] "GET /img/icones/instagram.png HTTP/1.1" 200 1812 "https://www.pandeco.com.br/" "Mozilla/5.0 (Linux; Android 7.0; Moto G (4) Build/NPJS25.93-14-18) AppleWebKit/537.36 (KHTML, like Gecko) Chrome/67.0.3396.87 Mobile Safari/537.36"
177.79.71.7 - - [31/Jul/2018:10:51:49 -0400] "GET /fonts/SLANT.TTF HTTP/1.1" 200 22150 "https://www.pandeco.com.br/css/style.css" "Mozilla/5.0 (Linux; Android 7.0; Moto G (4) Build/NPJS25.93-14-18) AppleWebKit/537.36 (KHTML, like Gecko) Chrome/67.0.3396.87 Mobile Safari/537.36"
177.79.71.7 - - [31/Jul/2018:10:51:49 -0400] "GET /img/bg-mobile.jpg HTTP/1.1" 200 106447 "https://www.pandeco.com.br/css/responsivo.css" "Mozilla/5.0 (Linux; Android 7.0; Moto G (4) Build/NPJS25.93-14-18) AppleWebKit/537.36 (KHTML, like Gecko) Chrome/67.0.3396.87 Mobile Safari/537.36"
177.79.71.7 - - [31/Jul/2018:10:51:49 -0400] "GET /img/produtos/fitness.jpg HTTP/1.1" 200 39375 "https://www.pandeco.com.br/" "Mozilla/5.0 (Linux; Android 7.0; Moto G (4) Build/NPJS25.93-14-18) AppleWebKit/537.36 (KHTML, like Gecko) Chrome/67.0.3396.87 Mobile Safari/537.36"
177.79.71.7 - - [31/Jul/2018:10:51:50 -0400] "GET /favicon.ico HTTP/1.1" 404 568 "https://www.pandeco.com.br/" "Mozilla/5.0 (Linux; Android 7.0; Moto G (4) Build/NPJS25.93-14-18) AppleWebKit/537.36 (KHTML, like Gecko) Chrome/67.0.3396.87 Mobile Safari/537.36"
191.132.29.199 - - [31/Jul/2018:10:53:41 -0400] "GET / HTTP/1.1" 200 8066 "-" "Mozilla/5.0 (Linux; Android 6.0; XT1078 Build/MPBS24.65-34-5) AppleWebKit/537.36 (KHTML, like Gecko) Chrome/67.0.3396.87 Mobile Safari/537.36"
66.249.65.127 - - [31/Jul/2018:10:53:41 -0400] "GET /manual/da/mod/mod_http2.html HTTP/1.1" 200 16127 "-" "Mozilla/5.0 (compatible; Googlebot/2.1; +http://www.google.com/bot.html)"
191.132.29.199 - - [31/Jul/2018:10:53:42 -0400] "GET /css/normalize.css HTTP/1.1" 200 3049 "https://www.pandeco.com.br/" "Mozilla/5.0 (Linux; Android 6.0; XT1078 Build/MPBS24.65-34-5) AppleWebKit/537.36 (KHTML, like Gecko) Chrome/67.0.3396.87 Mobile Safari/537.36"
191.132.29.199 - - [31/Jul/2018:10:53:42 -0400] "GET /css/reset.css HTTP/1.1" 200 7109 "https://www.pandeco.com.br/" "Mozilla/5.0 (Linux; Android 6.0; XT1078 Build/MPBS24.65-34-5) AppleWebKit/537.36 (KHTML, like Gecko) Chrome/67.0.3396.87 Mobile Safari/537.36"
191.132.29.199 - - [31/Jul/2018:10:53:42 -0400] "GET /css/grid.css HTTP/1.1" 200 7343 "https://www.pandeco.com.br/" "Mozilla/5.0 (Linux; Android 6.0; XT1078 Build/MPBS24.65-34-5) AppleWebKit/537.36 (KHTML, like Gecko) Chrome/67.0.3396.87 Mobile Safari/537.36"
191.132.29.199 - - [31/Jul/2018:10:53:42 -0400] "GET /css/style.css HTTP/1.1" 200 7844 "https://www.pandeco.com.br/" "Mozilla/5.0 (Linux; Android 6.0; XT1078 Build/MPBS24.65-34-5) AppleWebKit/537.36 (KHTML, like Gecko) Chrome/67.0.3396.87 Mobile Safari/537.36"
191.132.29.199 - - [31/Jul/2018:10:53:42 -0400] "GET /css/responsivo.css HTTP/1.1" 200 7254 "https://www.pandeco.com.br/" "Mozilla/5.0 (Linux; Android 6.0; XT1078 Build/MPBS24.65-34-5) AppleWebKit/537.36 (KHTML, like Gecko) Chrome/67.0.3396.87 Mobile Safari/537.36"
191.132.29.199 - - [31/Jul/2018:10:53:43 -0400] "GET /img/produtos/fitness.jpg HTTP/1.1" 304 210 "https://www.pandeco.com.br/" "Mozilla/5.0 (Linux; Android 6.0; XT1078 Build/MPBS24.65-34-5) AppleWebKit/537.36 (KHTML, like Gecko) Chrome/67.0.3396.87 Mobile Safari/537.36"
191.132.29.199 - - [31/Jul/2018:10:53:43 -0400] "GET /img/icones/facebook.png HTTP/1.1" 304 209 "https://www.pandeco.com.br/" "Mozilla/5.0 (Linux; Android 6.0; XT1078 Build/MPBS24.65-34-5) AppleWebKit/537.36 (KHTML, like Gecko) Chrome/67.0.3396.87 Mobile Safari/537.36"
191.132.29.199 - - [31/Jul/2018:10:53:43 -0400] "GET /img/icones/instagram.png HTTP/1.1" 304 209 "https://www.pandeco.com.br/" "Mozilla/5.0 (Linux; Android 6.0; XT1078 Build/MPBS24.65-34-5) AppleWebKit/537.36 (KHTML, like Gecko) Chrome/67.0.3396.87 Mobile Safari/537.36"
191.132.29.199 - - [31/Jul/2018:10:53:43 -0400] "GET /fonts/SLANT.TTF HTTP/1.1" 304 210 "https://www.pandeco.com.br/css/style.css" "Mozilla/5.0 (Linux; Android 6.0; XT1078 Build/MPBS24.65-34-5) AppleWebKit/537.36 (KHTML, like Gecko) Chrome/67.0.3396.87 Mobile Safari/537.36"
191.132.29.199 - - [31/Jul/2018:10:53:43 -0400] "GET /img/bg-mobile.jpg HTTP/1.1" 200 106447 "https://www.pandeco.com.br/css/responsivo.css" "Mozilla/5.0 (Linux; Android 6.0; XT1078 Build/MPBS24.65-34-5) AppleWebKit/537.36 (KHTML, like Gecko) Chrome/67.0.3396.87 Mobile Safari/537.36"
191.132.29.199 - - [31/Jul/2018:10:53:49 -0400] "GET /favicon.ico HTTP/1.1" 404 6957 "https://www.pandeco.com.br/" "Mozilla/5.0 (Linux; Android 6.0; XT1078 Build/MPBS24.65-34-5) AppleWebKit/537.36 (KHTML, like Gecko) Chrome/67.0.3396.87 Mobile Safari/537.36"
177.79.71.7 - - [31/Jul/2018:10:56:49 -0400] "-" 408 152 "-" "-"
177.79.71.7 - - [31/Jul/2018:10:56:51 -0400] "-" 408 6388 "-" "-"
209.126.136.7 - - [31/Jul/2018:11:06:16 -0400] "GET / HTTP/1.1" 200 7796 "-" "Mozilla/5.0 (Windows NT 10.0; Win64; x64) AppleWebKit/537.36 (KHTML, like Gecko) Chrome/57.0.2987.133 Safari/537.36"
216.218.206.68 - - [31/Jul/2018:11:06:30 -0400] "GET / HTTP/1.1" 200 9816 "-" "-"
66.249.65.125 - - [31/Jul/2018:12:09:27 -0400] "GET /manual/da/mod/mod_isapi.html HTTP/1.1" 200 12911 "-" "Mozilla/5.0 (compatible; Googlebot/2.1; +http://www.google.com/bot.html)"
192.160.188.2 - - [31/Jul/2018:12:24:20 -0400] "GET /desenvolvimento.html HTTP/1.1" 200 7871 "https://www.pandeco.com.br/" "Mozilla/5.0 (Windows NT 6.1; Win64; x64) AppleWebKit/537.36 (KHTML, like Gecko) Chrome/67.0.3396.99 Safari/537.36"
192.160.188.2 - - [31/Jul/2018:12:24:20 -0400] "GET /css/contato.css HTTP/1.1" 200 996 "https://www.pandeco.com.br/desenvolvimento.html" "Mozilla/5.0 (Windows NT 6.1; Win64; x64) AppleWebKit/537.36 (KHTML, like Gecko) Chrome/67.0.3396.99 Safari/537.36"
192.160.188.2 - - [31/Jul/2018:12:24:20 -0400] "GET /css/desenvolvimento.css HTTP/1.1" 200 624 "https://www.pandeco.com.br/desenvolvimento.html" "Mozilla/5.0 (Windows NT 6.1; Win64; x64) AppleWebKit/537.36 (KHTML, like Gecko) Chrome/67.0.3396.99 Safari/537.36"
192.160.188.2 - - [31/Jul/2018:12:24:27 -0400] "GET /contato.html HTTP/1.1" 200 8022 "https://www.pandeco.com.br/desenvolvimento.html" "Mozilla/5.0 (Windows NT 6.1; Win64; x64) AppleWebKit/537.36 (KHTML, like Gecko) Chrome/67.0.3396.99 Safari/537.36"
66.249.65.127 - - [31/Jul/2018:13:25:13 -0400] "GET /robots.txt HTTP/1.1" 404 6941 "-" "Mozilla/5.0 (compatible; Googlebot/2.1; +http://www.google.com/bot.html)"
66.249.65.125 - - [31/Jul/2018:13:25:14 -0400] "GET /manual/ko/mod/mod_isapi.html HTTP/1.1" 200 12915 "-" "Mozilla/5.0 (compatible; Googlebot/2.1; +http://www.google.com/bot.html)"
192.160.188.2 - - [31/Jul/2018:13:45:21 -0400] "GET /pedido.html HTTP/1.1" 404 6942 "https://www.pandeco.com.br/desenvolvimento.html" "Mozilla/5.0 (Windows NT 6.1; Win64; x64) AppleWebKit/537.36 (KHTML, like Gecko) Chrome/67.0.3396.99 Safari/537.36"
192.160.188.2 - - [31/Jul/2018:13:45:27 -0400] "GET /pedido.html HTTP/1.1" 404 6942 "https://www.pandeco.com.br/desenvolvimento.html" "Mozilla/5.0 (Windows NT 6.1; Win64; x64) AppleWebKit/537.36 (KHTML, like Gecko) Chrome/67.0.3396.99 Safari/537.36"
192.160.188.2 - - [31/Jul/2018:13:45:32 -0400] "GET /index.html HTTP/1.1" 200 1677 "https://www.pandeco.com.br/desenvolvimento.html" "Mozilla/5.0 (Windows NT 6.1; Win64; x64) AppleWebKit/537.36 (KHTML, like Gecko) Chrome/67.0.3396.99 Safari/537.36"
192.160.188.2 - - [31/Jul/2018:13:45:40 -0400] "GET /pedido.html HTTP/1.1" 404 6942 "https://www.pandeco.com.br/desenvolvimento.html" "Mozilla/5.0 (Windows NT 6.1; Win64; x64) AppleWebKit/537.36 (KHTML, like Gecko) Chrome/67.0.3396.99 Safari/537.36"
192.160.188.2 - - [31/Jul/2018:13:46:34 -0400] "GET /sobre.html HTTP/1.1" 404 6941 "https://www.pandeco.com.br/contato.html" "Mozilla/5.0 (Windows NT 6.1; Win64; x64) AppleWebKit/537.36 (KHTML, like Gecko) Chrome/67.0.3396.99 Safari/537.36"
192.160.188.2 - - [31/Jul/2018:13:46:38 -0400] "GET /sobre.html HTTP/1.1" 404 567 "https://www.pandeco.com.br/index.html" "Mozilla/5.0 (Windows NT 6.1; Win64; x64) AppleWebKit/537.36 (KHTML, like Gecko) Chrome/67.0.3396.99 Safari/537.36"
168.194.160.108 - - [31/Jul/2018:13:51:42 -0400] "GET / HTTP/1.1" 200 8066 "-" "Mozilla/5.0 (X11; Linux x86_64) AppleWebKit/537.36 (KHTML, like Gecko) Chrome/68.0.3440.75 Safari/537.36"
168.194.160.108 - - [31/Jul/2018:13:51:42 -0400] "GET /css/normalize.css HTTP/1.1" 200 3049 "https://www.pandeco.com.br/" "Mozilla/5.0 (X11; Linux x86_64) AppleWebKit/537.36 (KHTML, like Gecko) Chrome/68.0.3440.75 Safari/537.36"
168.194.160.108 - - [31/Jul/2018:13:51:42 -0400] "GET /css/reset.css HTTP/1.1" 200 720 "https://www.pandeco.com.br/" "Mozilla/5.0 (X11; Linux x86_64) AppleWebKit/537.36 (KHTML, like Gecko) Chrome/68.0.3440.75 Safari/537.36"
177.79.67.151 - - [31/Jul/2018:13:51:42 -0400] "GET /favicon.ico HTTP/1.1" 404 6957 "https://www.pandeco.com.br/" "Mozilla/5.0 (Linux; Android 7.0; Moto G (4) Build/NPJS25.93-14-18) AppleWebKit/537.36 (KHTML, like Gecko) Chrome/67.0.3396.87 Mobile Safari/537.36"
168.194.160.108 - - [31/Jul/2018:13:51:42 -0400] "GET /css/grid.css HTTP/1.1" 200 954 "https://www.pandeco.com.br/" "Mozilla/5.0 (X11; Linux x86_64) AppleWebKit/537.36 (KHTML, like Gecko) Chrome/68.0.3440.75 Safari/537.36"
168.194.160.108 - - [31/Jul/2018:13:51:43 -0400] "GET /css/style.css HTTP/1.1" 200 1455 "https://www.pandeco.com.br/" "Mozilla/5.0 (X11; Linux x86_64) AppleWebKit/537.36 (KHTML, like Gecko) Chrome/68.0.3440.75 Safari/537.36"
168.194.160.108 - - [31/Jul/2018:13:51:43 -0400] "GET /css/responsivo.css HTTP/1.1" 200 865 "https://www.pandeco.com.br/" "Mozilla/5.0 (X11; Linux x86_64) AppleWebKit/537.36 (KHTML, like Gecko) Chrome/68.0.3440.75 Safari/537.36"
168.194.160.108 - - [31/Jul/2018:13:51:43 -0400] "GET /img/produtos/fitness.jpg HTTP/1.1" 200 39375 "https://www.pandeco.com.br/" "Mozilla/5.0 (X11; Linux x86_64) AppleWebKit/537.36 (KHTML, like Gecko) Chrome/68.0.3440.75 Safari/537.36"
168.194.160.108 - - [31/Jul/2018:13:51:43 -0400] "GET /fonts/SLANT.TTF HTTP/1.1" 200 22150 "https://www.pandeco.com.br/css/style.css" "Mozilla/5.0 (X11; Linux x86_64) AppleWebKit/537.36 (KHTML, like Gecko) Chrome/68.0.3440.75 Safari/537.36"
168.194.160.108 - - [31/Jul/2018:13:51:44 -0400] "GET /img/icones/facebook.png HTTP/1.1" 200 1432 "https://www.pandeco.com.br/" "Mozilla/5.0 (X11; Linux x86_64) AppleWebKit/537.36 (KHTML, like Gecko) Chrome/68.0.3440.75 Safari/537.36"
168.194.160.108 - - [31/Jul/2018:13:51:44 -0400] "GET /img/icones/instagram.png HTTP/1.1" 200 1812 "https://www.pandeco.com.br/" "Mozilla/5.0 (X11; Linux x86_64) AppleWebKit/537.36 (KHTML, like Gecko) Chrome/68.0.3440.75 Safari/537.36"
168.194.160.108 - - [31/Jul/2018:13:51:44 -0400] "GET /img/bg.jpg HTTP/1.1" 200 183812 "https://www.pandeco.com.br/css/style.css" "Mozilla/5.0 (X11; Linux x86_64) AppleWebKit/537.36 (KHTML, like Gecko) Chrome/68.0.3440.75 Safari/537.36"
168.194.160.108 - - [31/Jul/2018:13:51:45 -0400] "GET /favicon.ico HTTP/1.1" 404 568 "https://www.pandeco.com.br/" "Mozilla/5.0 (X11; Linux x86_64) AppleWebKit/537.36 (KHTML, like Gecko) Chrome/68.0.3440.75 Safari/537.36"
177.79.67.151 - - [31/Jul/2018:13:51:46 -0400] "GET /desenvolvimento.html HTTP/1.1" 200 1497 "https://www.pandeco.com.br/" "Mozilla/5.0 (Linux; Android 7.0; Moto G (4) Build/NPJS25.93-14-18) AppleWebKit/537.36 (KHTML, like Gecko) Chrome/67.0.3396.87 Mobile Safari/537.36"
177.79.67.151 - - [31/Jul/2018:13:51:47 -0400] "GET /css/contato.css HTTP/1.1" 200 996 "https://www.pandeco.com.br/desenvolvimento.html" "Mozilla/5.0 (Linux; Android 7.0; Moto G (4) Build/NPJS25.93-14-18) AppleWebKit/537.36 (KHTML, like Gecko) Chrome/67.0.3396.87 Mobile Safari/537.36"
177.79.67.151 - - [31/Jul/2018:13:51:47 -0400] "GET /css/desenvolvimento.css HTTP/1.1" 200 7013 "https://www.pandeco.com.br/desenvolvimento.html" "Mozilla/5.0 (Linux; Android 7.0; Moto G (4) Build/NPJS25.93-14-18) AppleWebKit/537.36 (KHTML, like Gecko) Chrome/67.0.3396.87 Mobile Safari/537.36"
168.194.160.108 - - [31/Jul/2018:13:51:52 -0400] "GET / HTTP/1.1" 200 1830 "-" "Mozilla/5.0 (X11; Linux x86_64) AppleWebKit/537.36 (KHTML, like Gecko) Chrome/68.0.3440.75 Safari/537.36"
192.160.188.2 - - [31/Jul/2018:13:52:21 -0400] "GET /sobre.html HTTP/1.1" 404 6941 "https://www.pandeco.com.br/index.html" "Mozilla/5.0 (Windows NT 6.1; Win64; x64) AppleWebKit/537.36 (KHTML, like Gecko) Chrome/67.0.3396.99 Safari/537.36"
168.194.160.108 - - [31/Jul/2018:14:07:20 -0400] "GET /desenvolvimento.html HTTP/1.1" 200 7886 "https://www.pandeco.com.br/" "Mozilla/5.0 (X11; Linux x86_64) AppleWebKit/537.36 (KHTML, like Gecko) Chrome/68.0.3440.75 Safari/537.36"
168.194.160.108 - - [31/Jul/2018:14:07:20 -0400] "GET /css/contato.css HTTP/1.1" 200 996 "https://www.pandeco.com.br/desenvolvimento.html" "Mozilla/5.0 (X11; Linux x86_64) AppleWebKit/537.36 (KHTML, like Gecko) Chrome/68.0.3440.75 Safari/537.36"
168.194.160.108 - - [31/Jul/2018:14:07:20 -0400] "GET /css/desenvolvimento.css HTTP/1.1" 200 7013 "https://www.pandeco.com.br/desenvolvimento.html" "Mozilla/5.0 (X11; Linux x86_64) AppleWebKit/537.36 (KHTML, like Gecko) Chrome/68.0.3440.75 Safari/537.36"
168.194.160.108 - - [31/Jul/2018:14:34:06 -0400] "-" 408 6388 "-" "-"
168.194.160.108 - - [31/Jul/2018:14:34:06 -0400] "-" 408 6388 "-" "-"
66.249.65.123 - - [31/Jul/2018:14:41:01 -0400] "GET /manual/da/ssl/ssl_intro.html HTTP/1.1" 200 19011 "-" "Mozilla/5.0 (compatible; Googlebot/2.1; +http://www.google.com/bot.html)"
66.249.65.127 - - [31/Jul/2018:15:56:47 -0400] "GET /robots.txt HTTP/1.1" 404 6941 "-" "Mozilla/5.0 (compatible; Googlebot/2.1; +http://www.google.com/bot.html)"
66.249.65.125 - - [31/Jul/2018:15:56:49 -0400] "GET /manual/da/mod/mod_proxy.html HTTP/1.1" 200 33195 "-" "Mozilla/5.0 (compatible; Googlebot/2.1; +http://www.google.com/bot.html)"
191.161.98.149 - - [31/Jul/2018:16:46:40 -0400] "GET / HTTP/1.1" 200 8066 "https://l.instagram.com/" "Mozilla/5.0 (Linux; Android 5.1.1; SM-G531H Build/LMY48B; wv) AppleWebKit/537.36 (KHTML, like Gecko) Version/4.0 Chrome/68.0.3440.70 Mobile Safari/537.36 Instagram 55.0.0.12.79 Android (22/5.1.1; 240dpi; 540x960; samsung; SM-G531H; grandprimeve3g; sc8830; pt_BR; 118342005)"
191.161.98.149 - - [31/Jul/2018:16:46:40 -0400] "GET /css/normalize.css HTTP/1.1" 200 3049 "https://www.pandeco.com.br/" "Mozilla/5.0 (Linux; Android 5.1.1; SM-G531H Build/LMY48B; wv) AppleWebKit/537.36 (KHTML, like Gecko) Version/4.0 Chrome/68.0.3440.70 Mobile Safari/537.36 Instagram 55.0.0.12.79 Android (22/5.1.1; 240dpi; 540x960; samsung; SM-G531H; grandprimeve3g; sc8830; pt_BR; 118342005)"
191.161.98.149 - - [31/Jul/2018:16:46:41 -0400] "GET /css/reset.css HTTP/1.1" 200 720 "https://www.pandeco.com.br/" "Mozilla/5.0 (Linux; Android 5.1.1; SM-G531H Build/LMY48B; wv) AppleWebKit/537.36 (KHTML, like Gecko) Version/4.0 Chrome/68.0.3440.70 Mobile Safari/537.36 Instagram 55.0.0.12.79 Android (22/5.1.1; 240dpi; 540x960; samsung; SM-G531H; grandprimeve3g; sc8830; pt_BR; 118342005)"
191.161.98.149 - - [31/Jul/2018:16:46:41 -0400] "GET /css/grid.css HTTP/1.1" 200 1107 "https://www.pandeco.com.br/" "Mozilla/5.0 (Linux; Android 5.1.1; SM-G531H Build/LMY48B; wv) AppleWebKit/537.36 (KHTML, like Gecko) Version/4.0 Chrome/68.0.3440.70 Mobile Safari/537.36 Instagram 55.0.0.12.79 Android (22/5.1.1; 240dpi; 540x960; samsung; SM-G531H; grandprimeve3g; sc8830; pt_BR; 118342005)"
191.161.98.149 - - [31/Jul/2018:16:46:41 -0400] "GET /css/style.css HTTP/1.1" 200 1455 "https://www.pandeco.com.br/" "Mozilla/5.0 (Linux; Android 5.1.1; SM-G531H Build/LMY48B; wv) AppleWebKit/537.36 (KHTML, like Gecko) Version/4.0 Chrome/68.0.3440.70 Mobile Safari/537.36 Instagram 55.0.0.12.79 Android (22/5.1.1; 240dpi; 540x960; samsung; SM-G531H; grandprimeve3g; sc8830; pt_BR; 118342005)"
191.161.98.149 - - [31/Jul/2018:16:46:41 -0400] "GET /css/responsivo.css HTTP/1.1" 200 1018 "https://www.pandeco.com.br/" "Mozilla/5.0 (Linux; Android 5.1.1; SM-G531H Build/LMY48B; wv) AppleWebKit/537.36 (KHTML, like Gecko) Version/4.0 Chrome/68.0.3440.70 Mobile Safari/537.36 Instagram 55.0.0.12.79 Android (22/5.1.1; 240dpi; 540x960; samsung; SM-G531H; grandprimeve3g; sc8830; pt_BR; 118342005)"
191.161.98.149 - - [31/Jul/2018:16:46:41 -0400] "GET /img/icones/facebook.png HTTP/1.1" 200 1432 "https://www.pandeco.com.br/" "Mozilla/5.0 (Linux; Android 5.1.1; SM-G531H Build/LMY48B; wv) AppleWebKit/537.36 (KHTML, like Gecko) Version/4.0 Chrome/68.0.3440.70 Mobile Safari/537.36 Instagram 55.0.0.12.79 Android (22/5.1.1; 240dpi; 540x960; samsung; SM-G531H; grandprimeve3g; sc8830; pt_BR; 118342005)"
